ERROR - 2025-10-03 00:09:06 --> mysqli_sql_exception: Unknown table 'taskapp.tasks' in C:\xampp\htdocs\taskapp\system\Database\MySQLi\Connection.php:327
Stack trace:
#0 C:\xampp\htdocs\taskapp\system\Database\MySQLi\Connection.php(327): mysqli->query('DROP TABLE `tas...', 0)
#1 C:\xampp\htdocs\taskapp\system\Database\BaseConnection.php(729): CodeIgniter\Database\MySQLi\Connection->execute('DROP TABLE `tas...')
#2 C:\xampp\htdocs\taskapp\system\Database\BaseConnection.php(646): CodeIgniter\Database\BaseConnection->simpleQuery('DROP TABLE `tas...')
#3 C:\xampp\htdocs\taskapp\system\Database\Forge.php(663): CodeIgniter\Database\BaseConnection->query('DROP TABLE `tas...')
#4 C:\xampp\htdocs\taskapp\app\Database\Migrations\2025-10-02-195704_CreateTask.php(33): CodeIgniter\Database\Forge->dropTable('tasks')
#5 C:\xampp\htdocs\taskapp\system\Database\MigrationRunner.php(876): App\Database\Migrations\CreateTask->down()
#6 C:\xampp\htdocs\taskapp\system\Database\MigrationRunner.php(289): CodeIgniter\Database\MigrationRunner->migrate('down', Object(stdClass))
#7 C:\xampp\htdocs\taskapp\system\Commands\Database\MigrateRollback.php(101): CodeIgniter\Database\MigrationRunner->regress(0)
#8 C:\xampp\htdocs\taskapp\system\CLI\Commands.php(74): CodeIgniter\Commands\Database\MigrateRollback->run(Array)
#9 C:\xampp\htdocs\taskapp\system\CLI\Console.php(47): CodeIgniter\CLI\Commands->run('migrate:rollbac...', Array)
#10 C:\xampp\htdocs\taskapp\system\Boot.php(388): CodeIgniter\CLI\Console->run()
#11 C:\xampp\htdocs\taskapp\system\Boot.php(133): CodeIgniter\Boot::runCommand(Object(CodeIgniter\CLI\Console))
#12 C:\xampp\htdocs\taskapp\spark(87): CodeIgniter\Boot::bootSpark(Object(Config\Paths))
#13 {main}
CRITICAL - 2025-10-03 00:57:40 --> Error: Class "Config\Service" not found
[Method: GET, Route: migrate]
in APPPATH\Controllers\Migrate.php on line 9.
 1 SYSTEMPATH\CodeIgniter.php(933): App\Controllers\Migrate->index()
 2 SYSTEMPATH\CodeIgniter.php(507): CodeIgniter\CodeIgniter->runController(Object(App\Controllers\Migrate))
 3 SYSTEMPATH\CodeIgniter.php(354): CodeIgniter\CodeIgniter->handleRequest(null, Object(Config\Cache), false)
 4 SYSTEMPATH\Boot.php(363): CodeIgniter\CodeIgniter->run()
 5 SYSTEMPATH\Boot.php(68): CodeIgniter\Boot::runCodeIgniter(Object(CodeIgniter\CodeIgniter))
 6 FCPATH\index.php(59): CodeIgniter\Boot::bootWeb(Object(Config\Paths))
ERROR - 2025-10-03 06:09:52 --> mysqli_sql_exception: Duplicate column name 'created_at' in C:\xampp\htdocs\taskapp\system\Database\MySQLi\Connection.php:327
Stack trace:
#0 C:\xampp\htdocs\taskapp\system\Database\MySQLi\Connection.php(327): mysqli->query('ALTER TABLE `ta...', 0)
#1 C:\xampp\htdocs\taskapp\system\Database\BaseConnection.php(729): CodeIgniter\Database\MySQLi\Connection->execute('ALTER TABLE `ta...')
#2 C:\xampp\htdocs\taskapp\system\Database\BaseConnection.php(646): CodeIgniter\Database\BaseConnection->simpleQuery('ALTER TABLE `ta...')
#3 C:\xampp\htdocs\taskapp\system\Database\Forge.php(772): CodeIgniter\Database\BaseConnection->query('ALTER TABLE `ta...')
#4 C:\xampp\htdocs\taskapp\app\Database\Migrations\app\Database\Migrations\2025-02-10-114500_add_timestamps_to_task.php(23): CodeIgniter\Database\Forge->addColumn('task', Array)
#5 C:\xampp\htdocs\taskapp\system\Database\MigrationRunner.php(876): App\Database\Migrations\AddTimestampsToTask->up()
#6 C:\xampp\htdocs\taskapp\system\Database\MigrationRunner.php(182): CodeIgniter\Database\MigrationRunner->migrate('up', Object(stdClass))
#7 C:\xampp\htdocs\taskapp\app\Controllers\Migrate.php(12): CodeIgniter\Database\MigrationRunner->latest()
#8 C:\xampp\htdocs\taskapp\system\CodeIgniter.php(933): App\Controllers\Migrate->index()
#9 C:\xampp\htdocs\taskapp\system\CodeIgniter.php(507): CodeIgniter\CodeIgniter->runController(Object(App\Controllers\Migrate))
#10 C:\xampp\htdocs\taskapp\system\CodeIgniter.php(354): CodeIgniter\CodeIgniter->handleRequest(NULL, Object(Config\Cache), false)
#11 C:\xampp\htdocs\taskapp\system\Boot.php(363): CodeIgniter\CodeIgniter->run()
#12 C:\xampp\htdocs\taskapp\system\Boot.php(68): CodeIgniter\Boot::runCodeIgniter(Object(CodeIgniter\CodeIgniter))
#13 C:\xampp\htdocs\taskapp\public\index.php(59): CodeIgniter\Boot::bootWeb(Object(Config\Paths))
#14 {main}
ERROR - 2025-10-03 06:09:57 --> mysqli_sql_exception: Duplicate column name 'created_at' in C:\xampp\htdocs\taskapp\system\Database\MySQLi\Connection.php:327
Stack trace:
#0 C:\xampp\htdocs\taskapp\system\Database\MySQLi\Connection.php(327): mysqli->query('ALTER TABLE `ta...', 0)
#1 C:\xampp\htdocs\taskapp\system\Database\BaseConnection.php(729): CodeIgniter\Database\MySQLi\Connection->execute('ALTER TABLE `ta...')
#2 C:\xampp\htdocs\taskapp\system\Database\BaseConnection.php(646): CodeIgniter\Database\BaseConnection->simpleQuery('ALTER TABLE `ta...')
#3 C:\xampp\htdocs\taskapp\system\Database\Forge.php(772): CodeIgniter\Database\BaseConnection->query('ALTER TABLE `ta...')
#4 C:\xampp\htdocs\taskapp\app\Database\Migrations\app\Database\Migrations\2025-02-10-114500_add_timestamps_to_task.php(23): CodeIgniter\Database\Forge->addColumn('task', Array)
#5 C:\xampp\htdocs\taskapp\system\Database\MigrationRunner.php(876): App\Database\Migrations\AddTimestampsToTask->up()
#6 C:\xampp\htdocs\taskapp\system\Database\MigrationRunner.php(182): CodeIgniter\Database\MigrationRunner->migrate('up', Object(stdClass))
#7 C:\xampp\htdocs\taskapp\app\Controllers\Migrate.php(12): CodeIgniter\Database\MigrationRunner->latest()
#8 C:\xampp\htdocs\taskapp\system\CodeIgniter.php(933): App\Controllers\Migrate->index()
#9 C:\xampp\htdocs\taskapp\system\CodeIgniter.php(507): CodeIgniter\CodeIgniter->runController(Object(App\Controllers\Migrate))
#10 C:\xampp\htdocs\taskapp\system\CodeIgniter.php(354): CodeIgniter\CodeIgniter->handleRequest(NULL, Object(Config\Cache), false)
#11 C:\xampp\htdocs\taskapp\system\Boot.php(363): CodeIgniter\CodeIgniter->run()
#12 C:\xampp\htdocs\taskapp\system\Boot.php(68): CodeIgniter\Boot::runCodeIgniter(Object(CodeIgniter\CodeIgniter))
#13 C:\xampp\htdocs\taskapp\public\index.php(59): CodeIgniter\Boot::bootWeb(Object(Config\Paths))
#14 {main}
ERROR - 2025-10-03 06:09:58 --> mysqli_sql_exception: Duplicate column name 'created_at' in C:\xampp\htdocs\taskapp\system\Database\MySQLi\Connection.php:327
Stack trace:
#0 C:\xampp\htdocs\taskapp\system\Database\MySQLi\Connection.php(327): mysqli->query('ALTER TABLE `ta...', 0)
#1 C:\xampp\htdocs\taskapp\system\Database\BaseConnection.php(729): CodeIgniter\Database\MySQLi\Connection->execute('ALTER TABLE `ta...')
#2 C:\xampp\htdocs\taskapp\system\Database\BaseConnection.php(646): CodeIgniter\Database\BaseConnection->simpleQuery('ALTER TABLE `ta...')
#3 C:\xampp\htdocs\taskapp\system\Database\Forge.php(772): CodeIgniter\Database\BaseConnection->query('ALTER TABLE `ta...')
#4 C:\xampp\htdocs\taskapp\app\Database\Migrations\app\Database\Migrations\2025-02-10-114500_add_timestamps_to_task.php(23): CodeIgniter\Database\Forge->addColumn('task', Array)
#5 C:\xampp\htdocs\taskapp\system\Database\MigrationRunner.php(876): App\Database\Migrations\AddTimestampsToTask->up()
#6 C:\xampp\htdocs\taskapp\system\Database\MigrationRunner.php(182): CodeIgniter\Database\MigrationRunner->migrate('up', Object(stdClass))
#7 C:\xampp\htdocs\taskapp\app\Controllers\Migrate.php(12): CodeIgniter\Database\MigrationRunner->latest()
#8 C:\xampp\htdocs\taskapp\system\CodeIgniter.php(933): App\Controllers\Migrate->index()
#9 C:\xampp\htdocs\taskapp\system\CodeIgniter.php(507): CodeIgniter\CodeIgniter->runController(Object(App\Controllers\Migrate))
#10 C:\xampp\htdocs\taskapp\system\CodeIgniter.php(354): CodeIgniter\CodeIgniter->handleRequest(NULL, Object(Config\Cache), false)
#11 C:\xampp\htdocs\taskapp\system\Boot.php(363): CodeIgniter\CodeIgniter->run()
#12 C:\xampp\htdocs\taskapp\system\Boot.php(68): CodeIgniter\Boot::runCodeIgniter(Object(CodeIgniter\CodeIgniter))
#13 C:\xampp\htdocs\taskapp\public\index.php(59): CodeIgniter\Boot::bootWeb(Object(Config\Paths))
#14 {main}
ERROR - 2025-10-03 06:09:58 --> mysqli_sql_exception: Duplicate column name 'created_at' in C:\xampp\htdocs\taskapp\system\Database\MySQLi\Connection.php:327
Stack trace:
#0 C:\xampp\htdocs\taskapp\system\Database\MySQLi\Connection.php(327): mysqli->query('ALTER TABLE `ta...', 0)
#1 C:\xampp\htdocs\taskapp\system\Database\BaseConnection.php(729): CodeIgniter\Database\MySQLi\Connection->execute('ALTER TABLE `ta...')
#2 C:\xampp\htdocs\taskapp\system\Database\BaseConnection.php(646): CodeIgniter\Database\BaseConnection->simpleQuery('ALTER TABLE `ta...')
#3 C:\xampp\htdocs\taskapp\system\Database\Forge.php(772): CodeIgniter\Database\BaseConnection->query('ALTER TABLE `ta...')
#4 C:\xampp\htdocs\taskapp\app\Database\Migrations\app\Database\Migrations\2025-02-10-114500_add_timestamps_to_task.php(23): CodeIgniter\Database\Forge->addColumn('task', Array)
#5 C:\xampp\htdocs\taskapp\system\Database\MigrationRunner.php(876): App\Database\Migrations\AddTimestampsToTask->up()
#6 C:\xampp\htdocs\taskapp\system\Database\MigrationRunner.php(182): CodeIgniter\Database\MigrationRunner->migrate('up', Object(stdClass))
#7 C:\xampp\htdocs\taskapp\app\Controllers\Migrate.php(12): CodeIgniter\Database\MigrationRunner->latest()
#8 C:\xampp\htdocs\taskapp\system\CodeIgniter.php(933): App\Controllers\Migrate->index()
#9 C:\xampp\htdocs\taskapp\system\CodeIgniter.php(507): CodeIgniter\CodeIgniter->runController(Object(App\Controllers\Migrate))
#10 C:\xampp\htdocs\taskapp\system\CodeIgniter.php(354): CodeIgniter\CodeIgniter->handleRequest(NULL, Object(Config\Cache), false)
#11 C:\xampp\htdocs\taskapp\system\Boot.php(363): CodeIgniter\CodeIgniter->run()
#12 C:\xampp\htdocs\taskapp\system\Boot.php(68): CodeIgniter\Boot::runCodeIgniter(Object(CodeIgniter\CodeIgniter))
#13 C:\xampp\htdocs\taskapp\public\index.php(59): CodeIgniter\Boot::bootWeb(Object(Config\Paths))
#14 {main}
ERROR - 2025-10-03 22:09:38 --> mysqli_sql_exception: Duplicate column name 'created_at' in C:\xampp\htdocs\taskapp\system\Database\MySQLi\Connection.php:327
Stack trace:
#0 C:\xampp\htdocs\taskapp\system\Database\MySQLi\Connection.php(327): mysqli->query('ALTER TABLE `ta...', 0)
#1 C:\xampp\htdocs\taskapp\system\Database\BaseConnection.php(729): CodeIgniter\Database\MySQLi\Connection->execute('ALTER TABLE `ta...')
#2 C:\xampp\htdocs\taskapp\system\Database\BaseConnection.php(646): CodeIgniter\Database\BaseConnection->simpleQuery('ALTER TABLE `ta...')
#3 C:\xampp\htdocs\taskapp\system\Database\Forge.php(772): CodeIgniter\Database\BaseConnection->query('ALTER TABLE `ta...')
#4 C:\xampp\htdocs\taskapp\app\Database\Migrations\app\Database\Migrations\2025-02-10-114500_add_timestamps_to_task.php(11): CodeIgniter\Database\Forge->addColumn('task', Array)
#5 C:\xampp\htdocs\taskapp\system\Database\MigrationRunner.php(876): App\Database\Migrations\AddTimestampsTotask->up()
#6 C:\xampp\htdocs\taskapp\system\Database\MigrationRunner.php(182): CodeIgniter\Database\MigrationRunner->migrate('up', Object(stdClass))
#7 C:\xampp\htdocs\taskapp\app\Controllers\Migrate.php(14): CodeIgniter\Database\MigrationRunner->latest()
#8 C:\xampp\htdocs\taskapp\system\CodeIgniter.php(933): App\Controllers\Migrate->index()
#9 C:\xampp\htdocs\taskapp\system\CodeIgniter.php(507): CodeIgniter\CodeIgniter->runController(Object(App\Controllers\Migrate))
#10 C:\xampp\htdocs\taskapp\system\CodeIgniter.php(354): CodeIgniter\CodeIgniter->handleRequest(NULL, Object(Config\Cache), false)
#11 C:\xampp\htdocs\taskapp\system\Boot.php(363): CodeIgniter\CodeIgniter->run()
#12 C:\xampp\htdocs\taskapp\system\Boot.php(68): CodeIgniter\Boot::runCodeIgniter(Object(CodeIgniter\CodeIgniter))
#13 C:\xampp\htdocs\taskapp\public\index.php(59): CodeIgniter\Boot::bootWeb(Object(Config\Paths))
#14 {main}
ERROR - 2025-10-03 22:09:41 --> mysqli_sql_exception: Duplicate column name 'created_at' in C:\xampp\htdocs\taskapp\system\Database\MySQLi\Connection.php:327
Stack trace:
#0 C:\xampp\htdocs\taskapp\system\Database\MySQLi\Connection.php(327): mysqli->query('ALTER TABLE `ta...', 0)
#1 C:\xampp\htdocs\taskapp\system\Database\BaseConnection.php(729): CodeIgniter\Database\MySQLi\Connection->execute('ALTER TABLE `ta...')
#2 C:\xampp\htdocs\taskapp\system\Database\BaseConnection.php(646): CodeIgniter\Database\BaseConnection->simpleQuery('ALTER TABLE `ta...')
#3 C:\xampp\htdocs\taskapp\system\Database\Forge.php(772): CodeIgniter\Database\BaseConnection->query('ALTER TABLE `ta...')
#4 C:\xampp\htdocs\taskapp\app\Database\Migrations\app\Database\Migrations\2025-02-10-114500_add_timestamps_to_task.php(11): CodeIgniter\Database\Forge->addColumn('task', Array)
#5 C:\xampp\htdocs\taskapp\system\Database\MigrationRunner.php(876): App\Database\Migrations\AddTimestampsTotask->up()
#6 C:\xampp\htdocs\taskapp\system\Database\MigrationRunner.php(182): CodeIgniter\Database\MigrationRunner->migrate('up', Object(stdClass))
#7 C:\xampp\htdocs\taskapp\app\Controllers\Migrate.php(14): CodeIgniter\Database\MigrationRunner->latest()
#8 C:\xampp\htdocs\taskapp\system\CodeIgniter.php(933): App\Controllers\Migrate->index()
#9 C:\xampp\htdocs\taskapp\system\CodeIgniter.php(507): CodeIgniter\CodeIgniter->runController(Object(App\Controllers\Migrate))
#10 C:\xampp\htdocs\taskapp\system\CodeIgniter.php(354): CodeIgniter\CodeIgniter->handleRequest(NULL, Object(Config\Cache), false)
#11 C:\xampp\htdocs\taskapp\system\Boot.php(363): CodeIgniter\CodeIgniter->run()
#12 C:\xampp\htdocs\taskapp\system\Boot.php(68): CodeIgniter\Boot::runCodeIgniter(Object(CodeIgniter\CodeIgniter))
#13 C:\xampp\htdocs\taskapp\public\index.php(59): CodeIgniter\Boot::bootWeb(Object(Config\Paths))
#14 {main}
ERROR - 2025-10-03 22:10:27 --> mysqli_sql_exception: Duplicate column name 'created_at' in C:\xampp\htdocs\taskapp\system\Database\MySQLi\Connection.php:327
Stack trace:
#0 C:\xampp\htdocs\taskapp\system\Database\MySQLi\Connection.php(327): mysqli->query('ALTER TABLE `ta...', 0)
#1 C:\xampp\htdocs\taskapp\system\Database\BaseConnection.php(729): CodeIgniter\Database\MySQLi\Connection->execute('ALTER TABLE `ta...')
#2 C:\xampp\htdocs\taskapp\system\Database\BaseConnection.php(646): CodeIgniter\Database\BaseConnection->simpleQuery('ALTER TABLE `ta...')
#3 C:\xampp\htdocs\taskapp\system\Database\Forge.php(772): CodeIgniter\Database\BaseConnection->query('ALTER TABLE `ta...')
#4 C:\xampp\htdocs\taskapp\app\Database\Migrations\app\Database\Migrations\2025-02-10-114500_add_timestamps_to_task.php(11): CodeIgniter\Database\Forge->addColumn('task', Array)
#5 C:\xampp\htdocs\taskapp\system\Database\MigrationRunner.php(876): App\Database\Migrations\AddTimestampsTotask->up()
#6 C:\xampp\htdocs\taskapp\system\Database\MigrationRunner.php(182): CodeIgniter\Database\MigrationRunner->migrate('up', Object(stdClass))
#7 C:\xampp\htdocs\taskapp\app\Controllers\Migrate.php(14): CodeIgniter\Database\MigrationRunner->latest()
#8 C:\xampp\htdocs\taskapp\system\CodeIgniter.php(933): App\Controllers\Migrate->index()
#9 C:\xampp\htdocs\taskapp\system\CodeIgniter.php(507): CodeIgniter\CodeIgniter->runController(Object(App\Controllers\Migrate))
#10 C:\xampp\htdocs\taskapp\system\CodeIgniter.php(354): CodeIgniter\CodeIgniter->handleRequest(NULL, Object(Config\Cache), false)
#11 C:\xampp\htdocs\taskapp\system\Boot.php(363): CodeIgniter\CodeIgniter->run()
#12 C:\xampp\htdocs\taskapp\system\Boot.php(68): CodeIgniter\Boot::runCodeIgniter(Object(CodeIgniter\CodeIgniter))
#13 C:\xampp\htdocs\taskapp\public\index.php(59): CodeIgniter\Boot::bootWeb(Object(Config\Paths))
#14 {main}
ERROR - 2025-10-03 22:16:16 --> mysqli_sql_exception: Duplicate column name 'created_at' in C:\xampp\htdocs\taskapp\system\Database\MySQLi\Connection.php:327
Stack trace:
#0 C:\xampp\htdocs\taskapp\system\Database\MySQLi\Connection.php(327): mysqli->query('ALTER TABLE `ta...', 0)
#1 C:\xampp\htdocs\taskapp\system\Database\BaseConnection.php(729): CodeIgniter\Database\MySQLi\Connection->execute('ALTER TABLE `ta...')
#2 C:\xampp\htdocs\taskapp\system\Database\BaseConnection.php(646): CodeIgniter\Database\BaseConnection->simpleQuery('ALTER TABLE `ta...')
#3 C:\xampp\htdocs\taskapp\system\Database\Forge.php(772): CodeIgniter\Database\BaseConnection->query('ALTER TABLE `ta...')
#4 C:\xampp\htdocs\taskapp\app\Database\Migrations\app\Database\Migrations\2025-02-10-114500_add_timestamps_to_task.php(11): CodeIgniter\Database\Forge->addColumn('task', Array)
#5 C:\xampp\htdocs\taskapp\system\Database\MigrationRunner.php(876): App\Database\Migrations\AddTimestampsTotask->up()
#6 C:\xampp\htdocs\taskapp\system\Database\MigrationRunner.php(182): CodeIgniter\Database\MigrationRunner->migrate('up', Object(stdClass))
#7 C:\xampp\htdocs\taskapp\app\Controllers\Migrate.php(14): CodeIgniter\Database\MigrationRunner->latest()
#8 C:\xampp\htdocs\taskapp\system\CodeIgniter.php(933): App\Controllers\Migrate->index()
#9 C:\xampp\htdocs\taskapp\system\CodeIgniter.php(507): CodeIgniter\CodeIgniter->runController(Object(App\Controllers\Migrate))
#10 C:\xampp\htdocs\taskapp\system\CodeIgniter.php(354): CodeIgniter\CodeIgniter->handleRequest(NULL, Object(Config\Cache), false)
#11 C:\xampp\htdocs\taskapp\system\Boot.php(363): CodeIgniter\CodeIgniter->run()
#12 C:\xampp\htdocs\taskapp\system\Boot.php(68): CodeIgniter\Boot::runCodeIgniter(Object(CodeIgniter\CodeIgniter))
#13 C:\xampp\htdocs\taskapp\public\index.php(59): CodeIgniter\Boot::bootWeb(Object(Config\Paths))
#14 {main}
ERROR - 2025-10-03 22:17:57 --> mysqli_sql_exception: Duplicate column name 'update_at' in C:\xampp\htdocs\taskapp\system\Database\MySQLi\Connection.php:327
Stack trace:
#0 C:\xampp\htdocs\taskapp\system\Database\MySQLi\Connection.php(327): mysqli->query('ALTER TABLE `ta...', 0)
#1 C:\xampp\htdocs\taskapp\system\Database\BaseConnection.php(729): CodeIgniter\Database\MySQLi\Connection->execute('ALTER TABLE `ta...')
#2 C:\xampp\htdocs\taskapp\system\Database\BaseConnection.php(646): CodeIgniter\Database\BaseConnection->simpleQuery('ALTER TABLE `ta...')
#3 C:\xampp\htdocs\taskapp\system\Database\Forge.php(772): CodeIgniter\Database\BaseConnection->query('ALTER TABLE `ta...')
#4 C:\xampp\htdocs\taskapp\app\Database\Migrations\app\Database\Migrations\2025-02-10-114500_add_timestamps_to_task.php(11): CodeIgniter\Database\Forge->addColumn('task', Array)
#5 C:\xampp\htdocs\taskapp\system\Database\MigrationRunner.php(876): App\Database\Migrations\AddTimestampsTotask->up()
#6 C:\xampp\htdocs\taskapp\system\Database\MigrationRunner.php(182): CodeIgniter\Database\MigrationRunner->migrate('up', Object(stdClass))
#7 C:\xampp\htdocs\taskapp\app\Controllers\Migrate.php(14): CodeIgniter\Database\MigrationRunner->latest()
#8 C:\xampp\htdocs\taskapp\system\CodeIgniter.php(933): App\Controllers\Migrate->index()
#9 C:\xampp\htdocs\taskapp\system\CodeIgniter.php(507): CodeIgniter\CodeIgniter->runController(Object(App\Controllers\Migrate))
#10 C:\xampp\htdocs\taskapp\system\CodeIgniter.php(354): CodeIgniter\CodeIgniter->handleRequest(NULL, Object(Config\Cache), false)
#11 C:\xampp\htdocs\taskapp\system\Boot.php(363): CodeIgniter\CodeIgniter->run()
#12 C:\xampp\htdocs\taskapp\system\Boot.php(68): CodeIgniter\Boot::runCodeIgniter(Object(CodeIgniter\CodeIgniter))
#13 C:\xampp\htdocs\taskapp\public\index.php(59): CodeIgniter\Boot::bootWeb(Object(Config\Paths))
#14 {main}
ERROR - 2025-10-03 22:17:59 --> mysqli_sql_exception: Duplicate column name 'update_at' in C:\xampp\htdocs\taskapp\system\Database\MySQLi\Connection.php:327
Stack trace:
#0 C:\xampp\htdocs\taskapp\system\Database\MySQLi\Connection.php(327): mysqli->query('ALTER TABLE `ta...', 0)
#1 C:\xampp\htdocs\taskapp\system\Database\BaseConnection.php(729): CodeIgniter\Database\MySQLi\Connection->execute('ALTER TABLE `ta...')
#2 C:\xampp\htdocs\taskapp\system\Database\BaseConnection.php(646): CodeIgniter\Database\BaseConnection->simpleQuery('ALTER TABLE `ta...')
#3 C:\xampp\htdocs\taskapp\system\Database\Forge.php(772): CodeIgniter\Database\BaseConnection->query('ALTER TABLE `ta...')
#4 C:\xampp\htdocs\taskapp\app\Database\Migrations\app\Database\Migrations\2025-02-10-114500_add_timestamps_to_task.php(11): CodeIgniter\Database\Forge->addColumn('task', Array)
#5 C:\xampp\htdocs\taskapp\system\Database\MigrationRunner.php(876): App\Database\Migrations\AddTimestampsTotask->up()
#6 C:\xampp\htdocs\taskapp\system\Database\MigrationRunner.php(182): CodeIgniter\Database\MigrationRunner->migrate('up', Object(stdClass))
#7 C:\xampp\htdocs\taskapp\app\Controllers\Migrate.php(14): CodeIgniter\Database\MigrationRunner->latest()
#8 C:\xampp\htdocs\taskapp\system\CodeIgniter.php(933): App\Controllers\Migrate->index()
#9 C:\xampp\htdocs\taskapp\system\CodeIgniter.php(507): CodeIgniter\CodeIgniter->runController(Object(App\Controllers\Migrate))
#10 C:\xampp\htdocs\taskapp\system\CodeIgniter.php(354): CodeIgniter\CodeIgniter->handleRequest(NULL, Object(Config\Cache), false)
#11 C:\xampp\htdocs\taskapp\system\Boot.php(363): CodeIgniter\CodeIgniter->run()
#12 C:\xampp\htdocs\taskapp\system\Boot.php(68): CodeIgniter\Boot::runCodeIgniter(Object(CodeIgniter\CodeIgniter))
#13 C:\xampp\htdocs\taskapp\public\index.php(59): CodeIgniter\Boot::bootWeb(Object(Config\Paths))
#14 {main}
ERROR - 2025-10-03 22:19:48 --> mysqli_sql_exception: Duplicate column name 'update_at' in C:\xampp\htdocs\taskapp\system\Database\MySQLi\Connection.php:327
Stack trace:
#0 C:\xampp\htdocs\taskapp\system\Database\MySQLi\Connection.php(327): mysqli->query('ALTER TABLE `ta...', 0)
#1 C:\xampp\htdocs\taskapp\system\Database\BaseConnection.php(729): CodeIgniter\Database\MySQLi\Connection->execute('ALTER TABLE `ta...')
#2 C:\xampp\htdocs\taskapp\system\Database\BaseConnection.php(646): CodeIgniter\Database\BaseConnection->simpleQuery('ALTER TABLE `ta...')
#3 C:\xampp\htdocs\taskapp\system\Database\Forge.php(772): CodeIgniter\Database\BaseConnection->query('ALTER TABLE `ta...')
#4 C:\xampp\htdocs\taskapp\app\Database\Migrations\app\Database\Migrations\2025-02-10-114500_add_timestamps_to_task.php(11): CodeIgniter\Database\Forge->addColumn('task', Array)
#5 C:\xampp\htdocs\taskapp\system\Database\MigrationRunner.php(876): App\Database\Migrations\AddTimestampsTotask->up()
#6 C:\xampp\htdocs\taskapp\system\Database\MigrationRunner.php(182): CodeIgniter\Database\MigrationRunner->migrate('up', Object(stdClass))
#7 C:\xampp\htdocs\taskapp\app\Controllers\Migrate.php(12): CodeIgniter\Database\MigrationRunner->latest()
#8 C:\xampp\htdocs\taskapp\system\CodeIgniter.php(933): App\Controllers\Migrate->index()
#9 C:\xampp\htdocs\taskapp\system\CodeIgniter.php(507): CodeIgniter\CodeIgniter->runController(Object(App\Controllers\Migrate))
#10 C:\xampp\htdocs\taskapp\system\CodeIgniter.php(354): CodeIgniter\CodeIgniter->handleRequest(NULL, Object(Config\Cache), false)
#11 C:\xampp\htdocs\taskapp\system\Boot.php(363): CodeIgniter\CodeIgniter->run()
#12 C:\xampp\htdocs\taskapp\system\Boot.php(68): CodeIgniter\Boot::runCodeIgniter(Object(CodeIgniter\CodeIgniter))
#13 C:\xampp\htdocs\taskapp\public\index.php(59): CodeIgniter\Boot::bootWeb(Object(Config\Paths))
#14 {main}
ERROR - 2025-10-03 22:19:48 --> mysqli_sql_exception: Duplicate column name 'update_at' in C:\xampp\htdocs\taskapp\system\Database\MySQLi\Connection.php:327
Stack trace:
#0 C:\xampp\htdocs\taskapp\system\Database\MySQLi\Connection.php(327): mysqli->query('ALTER TABLE `ta...', 0)
#1 C:\xampp\htdocs\taskapp\system\Database\BaseConnection.php(729): CodeIgniter\Database\MySQLi\Connection->execute('ALTER TABLE `ta...')
#2 C:\xampp\htdocs\taskapp\system\Database\BaseConnection.php(646): CodeIgniter\Database\BaseConnection->simpleQuery('ALTER TABLE `ta...')
#3 C:\xampp\htdocs\taskapp\system\Database\Forge.php(772): CodeIgniter\Database\BaseConnection->query('ALTER TABLE `ta...')
#4 C:\xampp\htdocs\taskapp\app\Database\Migrations\app\Database\Migrations\2025-02-10-114500_add_timestamps_to_task.php(11): CodeIgniter\Database\Forge->addColumn('task', Array)
#5 C:\xampp\htdocs\taskapp\system\Database\MigrationRunner.php(876): App\Database\Migrations\AddTimestampsTotask->up()
#6 C:\xampp\htdocs\taskapp\system\Database\MigrationRunner.php(182): CodeIgniter\Database\MigrationRunner->migrate('up', Object(stdClass))
#7 C:\xampp\htdocs\taskapp\app\Controllers\Migrate.php(12): CodeIgniter\Database\MigrationRunner->latest()
#8 C:\xampp\htdocs\taskapp\system\CodeIgniter.php(933): App\Controllers\Migrate->index()
#9 C:\xampp\htdocs\taskapp\system\CodeIgniter.php(507): CodeIgniter\CodeIgniter->runController(Object(App\Controllers\Migrate))
#10 C:\xampp\htdocs\taskapp\system\CodeIgniter.php(354): CodeIgniter\CodeIgniter->handleRequest(NULL, Object(Config\Cache), false)
#11 C:\xampp\htdocs\taskapp\system\Boot.php(363): CodeIgniter\CodeIgniter->run()
#12 C:\xampp\htdocs\taskapp\system\Boot.php(68): CodeIgniter\Boot::runCodeIgniter(Object(CodeIgniter\CodeIgniter))
#13 C:\xampp\htdocs\taskapp\public\index.php(59): CodeIgniter\Boot::bootWeb(Object(Config\Paths))
#14 {main}
ERROR - 2025-10-03 22:19:49 --> mysqli_sql_exception: Duplicate column name 'update_at' in C:\xampp\htdocs\taskapp\system\Database\MySQLi\Connection.php:327
Stack trace:
#0 C:\xampp\htdocs\taskapp\system\Database\MySQLi\Connection.php(327): mysqli->query('ALTER TABLE `ta...', 0)
#1 C:\xampp\htdocs\taskapp\system\Database\BaseConnection.php(729): CodeIgniter\Database\MySQLi\Connection->execute('ALTER TABLE `ta...')
#2 C:\xampp\htdocs\taskapp\system\Database\BaseConnection.php(646): CodeIgniter\Database\BaseConnection->simpleQuery('ALTER TABLE `ta...')
#3 C:\xampp\htdocs\taskapp\system\Database\Forge.php(772): CodeIgniter\Database\BaseConnection->query('ALTER TABLE `ta...')
#4 C:\xampp\htdocs\taskapp\app\Database\Migrations\app\Database\Migrations\2025-02-10-114500_add_timestamps_to_task.php(11): CodeIgniter\Database\Forge->addColumn('task', Array)
#5 C:\xampp\htdocs\taskapp\system\Database\MigrationRunner.php(876): App\Database\Migrations\AddTimestampsTotask->up()
#6 C:\xampp\htdocs\taskapp\system\Database\MigrationRunner.php(182): CodeIgniter\Database\MigrationRunner->migrate('up', Object(stdClass))
#7 C:\xampp\htdocs\taskapp\app\Controllers\Migrate.php(12): CodeIgniter\Database\MigrationRunner->latest()
#8 C:\xampp\htdocs\taskapp\system\CodeIgniter.php(933): App\Controllers\Migrate->index()
#9 C:\xampp\htdocs\taskapp\system\CodeIgniter.php(507): CodeIgniter\CodeIgniter->runController(Object(App\Controllers\Migrate))
#10 C:\xampp\htdocs\taskapp\system\CodeIgniter.php(354): CodeIgniter\CodeIgniter->handleRequest(NULL, Object(Config\Cache), false)
#11 C:\xampp\htdocs\taskapp\system\Boot.php(363): CodeIgniter\CodeIgniter->run()
#12 C:\xampp\htdocs\taskapp\system\Boot.php(68): CodeIgniter\Boot::runCodeIgniter(Object(CodeIgniter\CodeIgniter))
#13 C:\xampp\htdocs\taskapp\public\index.php(59): CodeIgniter\Boot::bootWeb(Object(Config\Paths))
#14 {main}
ERROR - 2025-10-03 22:19:49 --> mysqli_sql_exception: Duplicate column name 'update_at' in C:\xampp\htdocs\taskapp\system\Database\MySQLi\Connection.php:327
Stack trace:
#0 C:\xampp\htdocs\taskapp\system\Database\MySQLi\Connection.php(327): mysqli->query('ALTER TABLE `ta...', 0)
#1 C:\xampp\htdocs\taskapp\system\Database\BaseConnection.php(729): CodeIgniter\Database\MySQLi\Connection->execute('ALTER TABLE `ta...')
#2 C:\xampp\htdocs\taskapp\system\Database\BaseConnection.php(646): CodeIgniter\Database\BaseConnection->simpleQuery('ALTER TABLE `ta...')
#3 C:\xampp\htdocs\taskapp\system\Database\Forge.php(772): CodeIgniter\Database\BaseConnection->query('ALTER TABLE `ta...')
#4 C:\xampp\htdocs\taskapp\app\Database\Migrations\app\Database\Migrations\2025-02-10-114500_add_timestamps_to_task.php(11): CodeIgniter\Database\Forge->addColumn('task', Array)
#5 C:\xampp\htdocs\taskapp\system\Database\MigrationRunner.php(876): App\Database\Migrations\AddTimestampsTotask->up()
#6 C:\xampp\htdocs\taskapp\system\Database\MigrationRunner.php(182): CodeIgniter\Database\MigrationRunner->migrate('up', Object(stdClass))
#7 C:\xampp\htdocs\taskapp\app\Controllers\Migrate.php(12): CodeIgniter\Database\MigrationRunner->latest()
#8 C:\xampp\htdocs\taskapp\system\CodeIgniter.php(933): App\Controllers\Migrate->index()
#9 C:\xampp\htdocs\taskapp\system\CodeIgniter.php(507): CodeIgniter\CodeIgniter->runController(Object(App\Controllers\Migrate))
#10 C:\xampp\htdocs\taskapp\system\CodeIgniter.php(354): CodeIgniter\CodeIgniter->handleRequest(NULL, Object(Config\Cache), false)
#11 C:\xampp\htdocs\taskapp\system\Boot.php(363): CodeIgniter\CodeIgniter->run()
#12 C:\xampp\htdocs\taskapp\system\Boot.php(68): CodeIgniter\Boot::runCodeIgniter(Object(CodeIgniter\CodeIgniter))
#13 C:\xampp\htdocs\taskapp\public\index.php(59): CodeIgniter\Boot::bootWeb(Object(Config\Paths))
#14 {main}
ERROR - 2025-10-03 22:19:49 --> mysqli_sql_exception: Duplicate column name 'update_at' in C:\xampp\htdocs\taskapp\system\Database\MySQLi\Connection.php:327
Stack trace:
#0 C:\xampp\htdocs\taskapp\system\Database\MySQLi\Connection.php(327): mysqli->query('ALTER TABLE `ta...', 0)
#1 C:\xampp\htdocs\taskapp\system\Database\BaseConnection.php(729): CodeIgniter\Database\MySQLi\Connection->execute('ALTER TABLE `ta...')
#2 C:\xampp\htdocs\taskapp\system\Database\BaseConnection.php(646): CodeIgniter\Database\BaseConnection->simpleQuery('ALTER TABLE `ta...')
#3 C:\xampp\htdocs\taskapp\system\Database\Forge.php(772): CodeIgniter\Database\BaseConnection->query('ALTER TABLE `ta...')
#4 C:\xampp\htdocs\taskapp\app\Database\Migrations\app\Database\Migrations\2025-02-10-114500_add_timestamps_to_task.php(11): CodeIgniter\Database\Forge->addColumn('task', Array)
#5 C:\xampp\htdocs\taskapp\system\Database\MigrationRunner.php(876): App\Database\Migrations\AddTimestampsTotask->up()
#6 C:\xampp\htdocs\taskapp\system\Database\MigrationRunner.php(182): CodeIgniter\Database\MigrationRunner->migrate('up', Object(stdClass))
#7 C:\xampp\htdocs\taskapp\app\Controllers\Migrate.php(12): CodeIgniter\Database\MigrationRunner->latest()
#8 C:\xampp\htdocs\taskapp\system\CodeIgniter.php(933): App\Controllers\Migrate->index()
#9 C:\xampp\htdocs\taskapp\system\CodeIgniter.php(507): CodeIgniter\CodeIgniter->runController(Object(App\Controllers\Migrate))
#10 C:\xampp\htdocs\taskapp\system\CodeIgniter.php(354): CodeIgniter\CodeIgniter->handleRequest(NULL, Object(Config\Cache), false)
#11 C:\xampp\htdocs\taskapp\system\Boot.php(363): CodeIgniter\CodeIgniter->run()
#12 C:\xampp\htdocs\taskapp\system\Boot.php(68): CodeIgniter\Boot::runCodeIgniter(Object(CodeIgniter\CodeIgniter))
#13 C:\xampp\htdocs\taskapp\public\index.php(59): CodeIgniter\Boot::bootWeb(Object(Config\Paths))
#14 {main}
ERROR - 2025-10-03 22:19:49 --> mysqli_sql_exception: Duplicate column name 'update_at' in C:\xampp\htdocs\taskapp\system\Database\MySQLi\Connection.php:327
Stack trace:
#0 C:\xampp\htdocs\taskapp\system\Database\MySQLi\Connection.php(327): mysqli->query('ALTER TABLE `ta...', 0)
#1 C:\xampp\htdocs\taskapp\system\Database\BaseConnection.php(729): CodeIgniter\Database\MySQLi\Connection->execute('ALTER TABLE `ta...')
#2 C:\xampp\htdocs\taskapp\system\Database\BaseConnection.php(646): CodeIgniter\Database\BaseConnection->simpleQuery('ALTER TABLE `ta...')
#3 C:\xampp\htdocs\taskapp\system\Database\Forge.php(772): CodeIgniter\Database\BaseConnection->query('ALTER TABLE `ta...')
#4 C:\xampp\htdocs\taskapp\app\Database\Migrations\app\Database\Migrations\2025-02-10-114500_add_timestamps_to_task.php(11): CodeIgniter\Database\Forge->addColumn('task', Array)
#5 C:\xampp\htdocs\taskapp\system\Database\MigrationRunner.php(876): App\Database\Migrations\AddTimestampsTotask->up()
#6 C:\xampp\htdocs\taskapp\system\Database\MigrationRunner.php(182): CodeIgniter\Database\MigrationRunner->migrate('up', Object(stdClass))
#7 C:\xampp\htdocs\taskapp\app\Controllers\Migrate.php(12): CodeIgniter\Database\MigrationRunner->latest()
#8 C:\xampp\htdocs\taskapp\system\CodeIgniter.php(933): App\Controllers\Migrate->index()
#9 C:\xampp\htdocs\taskapp\system\CodeIgniter.php(507): CodeIgniter\CodeIgniter->runController(Object(App\Controllers\Migrate))
#10 C:\xampp\htdocs\taskapp\system\CodeIgniter.php(354): CodeIgniter\CodeIgniter->handleRequest(NULL, Object(Config\Cache), false)
#11 C:\xampp\htdocs\taskapp\system\Boot.php(363): CodeIgniter\CodeIgniter->run()
#12 C:\xampp\htdocs\taskapp\system\Boot.php(68): CodeIgniter\Boot::runCodeIgniter(Object(CodeIgniter\CodeIgniter))
#13 C:\xampp\htdocs\taskapp\public\index.php(59): CodeIgniter\Boot::bootWeb(Object(Config\Paths))
#14 {main}
ERROR - 2025-10-03 22:19:49 --> mysqli_sql_exception: Duplicate column name 'update_at' in C:\xampp\htdocs\taskapp\system\Database\MySQLi\Connection.php:327
Stack trace:
#0 C:\xampp\htdocs\taskapp\system\Database\MySQLi\Connection.php(327): mysqli->query('ALTER TABLE `ta...', 0)
#1 C:\xampp\htdocs\taskapp\system\Database\BaseConnection.php(729): CodeIgniter\Database\MySQLi\Connection->execute('ALTER TABLE `ta...')
#2 C:\xampp\htdocs\taskapp\system\Database\BaseConnection.php(646): CodeIgniter\Database\BaseConnection->simpleQuery('ALTER TABLE `ta...')
#3 C:\xampp\htdocs\taskapp\system\Database\Forge.php(772): CodeIgniter\Database\BaseConnection->query('ALTER TABLE `ta...')
#4 C:\xampp\htdocs\taskapp\app\Database\Migrations\app\Database\Migrations\2025-02-10-114500_add_timestamps_to_task.php(11): CodeIgniter\Database\Forge->addColumn('task', Array)
#5 C:\xampp\htdocs\taskapp\system\Database\MigrationRunner.php(876): App\Database\Migrations\AddTimestampsTotask->up()
#6 C:\xampp\htdocs\taskapp\system\Database\MigrationRunner.php(182): CodeIgniter\Database\MigrationRunner->migrate('up', Object(stdClass))
#7 C:\xampp\htdocs\taskapp\app\Controllers\Migrate.php(12): CodeIgniter\Database\MigrationRunner->latest()
#8 C:\xampp\htdocs\taskapp\system\CodeIgniter.php(933): App\Controllers\Migrate->index()
#9 C:\xampp\htdocs\taskapp\system\CodeIgniter.php(507): CodeIgniter\CodeIgniter->runController(Object(App\Controllers\Migrate))
#10 C:\xampp\htdocs\taskapp\system\CodeIgniter.php(354): CodeIgniter\CodeIgniter->handleRequest(NULL, Object(Config\Cache), false)
#11 C:\xampp\htdocs\taskapp\system\Boot.php(363): CodeIgniter\CodeIgniter->run()
#12 C:\xampp\htdocs\taskapp\system\Boot.php(68): CodeIgniter\Boot::runCodeIgniter(Object(CodeIgniter\CodeIgniter))
#13 C:\xampp\htdocs\taskapp\public\index.php(59): CodeIgniter\Boot::bootWeb(Object(Config\Paths))
#14 {main}
ERROR - 2025-10-03 22:19:49 --> mysqli_sql_exception: Duplicate column name 'update_at' in C:\xampp\htdocs\taskapp\system\Database\MySQLi\Connection.php:327
Stack trace:
#0 C:\xampp\htdocs\taskapp\system\Database\MySQLi\Connection.php(327): mysqli->query('ALTER TABLE `ta...', 0)
#1 C:\xampp\htdocs\taskapp\system\Database\BaseConnection.php(729): CodeIgniter\Database\MySQLi\Connection->execute('ALTER TABLE `ta...')
#2 C:\xampp\htdocs\taskapp\system\Database\BaseConnection.php(646): CodeIgniter\Database\BaseConnection->simpleQuery('ALTER TABLE `ta...')
#3 C:\xampp\htdocs\taskapp\system\Database\Forge.php(772): CodeIgniter\Database\BaseConnection->query('ALTER TABLE `ta...')
#4 C:\xampp\htdocs\taskapp\app\Database\Migrations\app\Database\Migrations\2025-02-10-114500_add_timestamps_to_task.php(11): CodeIgniter\Database\Forge->addColumn('task', Array)
#5 C:\xampp\htdocs\taskapp\system\Database\MigrationRunner.php(876): App\Database\Migrations\AddTimestampsTotask->up()
#6 C:\xampp\htdocs\taskapp\system\Database\MigrationRunner.php(182): CodeIgniter\Database\MigrationRunner->migrate('up', Object(stdClass))
#7 C:\xampp\htdocs\taskapp\app\Controllers\Migrate.php(12): CodeIgniter\Database\MigrationRunner->latest()
#8 C:\xampp\htdocs\taskapp\system\CodeIgniter.php(933): App\Controllers\Migrate->index()
#9 C:\xampp\htdocs\taskapp\system\CodeIgniter.php(507): CodeIgniter\CodeIgniter->runController(Object(App\Controllers\Migrate))
#10 C:\xampp\htdocs\taskapp\system\CodeIgniter.php(354): CodeIgniter\CodeIgniter->handleRequest(NULL, Object(Config\Cache), false)
#11 C:\xampp\htdocs\taskapp\system\Boot.php(363): CodeIgniter\CodeIgniter->run()
#12 C:\xampp\htdocs\taskapp\system\Boot.php(68): CodeIgniter\Boot::runCodeIgniter(Object(CodeIgniter\CodeIgniter))
#13 C:\xampp\htdocs\taskapp\public\index.php(59): CodeIgniter\Boot::bootWeb(Object(Config\Paths))
#14 {main}
ERROR - 2025-10-03 22:19:50 --> mysqli_sql_exception: Duplicate column name 'update_at' in C:\xampp\htdocs\taskapp\system\Database\MySQLi\Connection.php:327
Stack trace:
#0 C:\xampp\htdocs\taskapp\system\Database\MySQLi\Connection.php(327): mysqli->query('ALTER TABLE `ta...', 0)
#1 C:\xampp\htdocs\taskapp\system\Database\BaseConnection.php(729): CodeIgniter\Database\MySQLi\Connection->execute('ALTER TABLE `ta...')
#2 C:\xampp\htdocs\taskapp\system\Database\BaseConnection.php(646): CodeIgniter\Database\BaseConnection->simpleQuery('ALTER TABLE `ta...')
#3 C:\xampp\htdocs\taskapp\system\Database\Forge.php(772): CodeIgniter\Database\BaseConnection->query('ALTER TABLE `ta...')
#4 C:\xampp\htdocs\taskapp\app\Database\Migrations\app\Database\Migrations\2025-02-10-114500_add_timestamps_to_task.php(11): CodeIgniter\Database\Forge->addColumn('task', Array)
#5 C:\xampp\htdocs\taskapp\system\Database\MigrationRunner.php(876): App\Database\Migrations\AddTimestampsTotask->up()
#6 C:\xampp\htdocs\taskapp\system\Database\MigrationRunner.php(182): CodeIgniter\Database\MigrationRunner->migrate('up', Object(stdClass))
#7 C:\xampp\htdocs\taskapp\app\Controllers\Migrate.php(12): CodeIgniter\Database\MigrationRunner->latest()
#8 C:\xampp\htdocs\taskapp\system\CodeIgniter.php(933): App\Controllers\Migrate->index()
#9 C:\xampp\htdocs\taskapp\system\CodeIgniter.php(507): CodeIgniter\CodeIgniter->runController(Object(App\Controllers\Migrate))
#10 C:\xampp\htdocs\taskapp\system\CodeIgniter.php(354): CodeIgniter\CodeIgniter->handleRequest(NULL, Object(Config\Cache), false)
#11 C:\xampp\htdocs\taskapp\system\Boot.php(363): CodeIgniter\CodeIgniter->run()
#12 C:\xampp\htdocs\taskapp\system\Boot.php(68): CodeIgniter\Boot::runCodeIgniter(Object(CodeIgniter\CodeIgniter))
#13 C:\xampp\htdocs\taskapp\public\index.php(59): CodeIgniter\Boot::bootWeb(Object(Config\Paths))
#14 {main}
ERROR - 2025-10-03 22:19:50 --> mysqli_sql_exception: Duplicate column name 'update_at' in C:\xampp\htdocs\taskapp\system\Database\MySQLi\Connection.php:327
Stack trace:
#0 C:\xampp\htdocs\taskapp\system\Database\MySQLi\Connection.php(327): mysqli->query('ALTER TABLE `ta...', 0)
#1 C:\xampp\htdocs\taskapp\system\Database\BaseConnection.php(729): CodeIgniter\Database\MySQLi\Connection->execute('ALTER TABLE `ta...')
#2 C:\xampp\htdocs\taskapp\system\Database\BaseConnection.php(646): CodeIgniter\Database\BaseConnection->simpleQuery('ALTER TABLE `ta...')
#3 C:\xampp\htdocs\taskapp\system\Database\Forge.php(772): CodeIgniter\Database\BaseConnection->query('ALTER TABLE `ta...')
#4 C:\xampp\htdocs\taskapp\app\Database\Migrations\app\Database\Migrations\2025-02-10-114500_add_timestamps_to_task.php(11): CodeIgniter\Database\Forge->addColumn('task', Array)
#5 C:\xampp\htdocs\taskapp\system\Database\MigrationRunner.php(876): App\Database\Migrations\AddTimestampsTotask->up()
#6 C:\xampp\htdocs\taskapp\system\Database\MigrationRunner.php(182): CodeIgniter\Database\MigrationRunner->migrate('up', Object(stdClass))
#7 C:\xampp\htdocs\taskapp\app\Controllers\Migrate.php(12): CodeIgniter\Database\MigrationRunner->latest()
#8 C:\xampp\htdocs\taskapp\system\CodeIgniter.php(933): App\Controllers\Migrate->index()
#9 C:\xampp\htdocs\taskapp\system\CodeIgniter.php(507): CodeIgniter\CodeIgniter->runController(Object(App\Controllers\Migrate))
#10 C:\xampp\htdocs\taskapp\system\CodeIgniter.php(354): CodeIgniter\CodeIgniter->handleRequest(NULL, Object(Config\Cache), false)
#11 C:\xampp\htdocs\taskapp\system\Boot.php(363): CodeIgniter\CodeIgniter->run()
#12 C:\xampp\htdocs\taskapp\system\Boot.php(68): CodeIgniter\Boot::runCodeIgniter(Object(CodeIgniter\CodeIgniter))
#13 C:\xampp\htdocs\taskapp\public\index.php(59): CodeIgniter\Boot::bootWeb(Object(Config\Paths))
#14 {main}
ERROR - 2025-10-03 22:19:50 --> mysqli_sql_exception: Duplicate column name 'update_at' in C:\xampp\htdocs\taskapp\system\Database\MySQLi\Connection.php:327
Stack trace:
#0 C:\xampp\htdocs\taskapp\system\Database\MySQLi\Connection.php(327): mysqli->query('ALTER TABLE `ta...', 0)
#1 C:\xampp\htdocs\taskapp\system\Database\BaseConnection.php(729): CodeIgniter\Database\MySQLi\Connection->execute('ALTER TABLE `ta...')
#2 C:\xampp\htdocs\taskapp\system\Database\BaseConnection.php(646): CodeIgniter\Database\BaseConnection->simpleQuery('ALTER TABLE `ta...')
#3 C:\xampp\htdocs\taskapp\system\Database\Forge.php(772): CodeIgniter\Database\BaseConnection->query('ALTER TABLE `ta...')
#4 C:\xampp\htdocs\taskapp\app\Database\Migrations\app\Database\Migrations\2025-02-10-114500_add_timestamps_to_task.php(11): CodeIgniter\Database\Forge->addColumn('task', Array)
#5 C:\xampp\htdocs\taskapp\system\Database\MigrationRunner.php(876): App\Database\Migrations\AddTimestampsTotask->up()
#6 C:\xampp\htdocs\taskapp\system\Database\MigrationRunner.php(182): CodeIgniter\Database\MigrationRunner->migrate('up', Object(stdClass))
#7 C:\xampp\htdocs\taskapp\app\Controllers\Migrate.php(12): CodeIgniter\Database\MigrationRunner->latest()
#8 C:\xampp\htdocs\taskapp\system\CodeIgniter.php(933): App\Controllers\Migrate->index()
#9 C:\xampp\htdocs\taskapp\system\CodeIgniter.php(507): CodeIgniter\CodeIgniter->runController(Object(App\Controllers\Migrate))
#10 C:\xampp\htdocs\taskapp\system\CodeIgniter.php(354): CodeIgniter\CodeIgniter->handleRequest(NULL, Object(Config\Cache), false)
#11 C:\xampp\htdocs\taskapp\system\Boot.php(363): CodeIgniter\CodeIgniter->run()
#12 C:\xampp\htdocs\taskapp\system\Boot.php(68): CodeIgniter\Boot::runCodeIgniter(Object(CodeIgniter\CodeIgniter))
#13 C:\xampp\htdocs\taskapp\public\index.php(59): CodeIgniter\Boot::bootWeb(Object(Config\Paths))
#14 {main}
ERROR - 2025-10-03 22:24:02 --> mysqli_sql_exception: Duplicate column name 'update_at' in C:\xampp\htdocs\taskapp\system\Database\MySQLi\Connection.php:327
Stack trace:
#0 C:\xampp\htdocs\taskapp\system\Database\MySQLi\Connection.php(327): mysqli->query('ALTER TABLE `ta...', 0)
#1 C:\xampp\htdocs\taskapp\system\Database\BaseConnection.php(729): CodeIgniter\Database\MySQLi\Connection->execute('ALTER TABLE `ta...')
#2 C:\xampp\htdocs\taskapp\system\Database\BaseConnection.php(646): CodeIgniter\Database\BaseConnection->simpleQuery('ALTER TABLE `ta...')
#3 C:\xampp\htdocs\taskapp\system\Database\Forge.php(772): CodeIgniter\Database\BaseConnection->query('ALTER TABLE `ta...')
#4 C:\xampp\htdocs\taskapp\app\Database\Migrations\app\Database\Migrations\2025-02-10-114500_add_timestamps_to_task.php(11): CodeIgniter\Database\Forge->addColumn('task', Array)
#5 C:\xampp\htdocs\taskapp\system\Database\MigrationRunner.php(876): App\Database\Migrations\AddTimestampsTotask->up()
#6 C:\xampp\htdocs\taskapp\system\Database\MigrationRunner.php(182): CodeIgniter\Database\MigrationRunner->migrate('up', Object(stdClass))
#7 C:\xampp\htdocs\taskapp\app\Controllers\Migrate.php(12): CodeIgniter\Database\MigrationRunner->latest()
#8 C:\xampp\htdocs\taskapp\system\CodeIgniter.php(933): App\Controllers\Migrate->index()
#9 C:\xampp\htdocs\taskapp\system\CodeIgniter.php(507): CodeIgniter\CodeIgniter->runController(Object(App\Controllers\Migrate))
#10 C:\xampp\htdocs\taskapp\system\CodeIgniter.php(354): CodeIgniter\CodeIgniter->handleRequest(NULL, Object(Config\Cache), false)
#11 C:\xampp\htdocs\taskapp\system\Boot.php(363): CodeIgniter\CodeIgniter->run()
#12 C:\xampp\htdocs\taskapp\system\Boot.php(68): CodeIgniter\Boot::runCodeIgniter(Object(CodeIgniter\CodeIgniter))
#13 C:\xampp\htdocs\taskapp\public\index.php(59): CodeIgniter\Boot::bootWeb(Object(Config\Paths))
#14 {main}
ERROR - 2025-10-03 22:24:03 --> mysqli_sql_exception: Duplicate column name 'update_at' in C:\xampp\htdocs\taskapp\system\Database\MySQLi\Connection.php:327
Stack trace:
#0 C:\xampp\htdocs\taskapp\system\Database\MySQLi\Connection.php(327): mysqli->query('ALTER TABLE `ta...', 0)
#1 C:\xampp\htdocs\taskapp\system\Database\BaseConnection.php(729): CodeIgniter\Database\MySQLi\Connection->execute('ALTER TABLE `ta...')
#2 C:\xampp\htdocs\taskapp\system\Database\BaseConnection.php(646): CodeIgniter\Database\BaseConnection->simpleQuery('ALTER TABLE `ta...')
#3 C:\xampp\htdocs\taskapp\system\Database\Forge.php(772): CodeIgniter\Database\BaseConnection->query('ALTER TABLE `ta...')
#4 C:\xampp\htdocs\taskapp\app\Database\Migrations\app\Database\Migrations\2025-02-10-114500_add_timestamps_to_task.php(11): CodeIgniter\Database\Forge->addColumn('task', Array)
#5 C:\xampp\htdocs\taskapp\system\Database\MigrationRunner.php(876): App\Database\Migrations\AddTimestampsTotask->up()
#6 C:\xampp\htdocs\taskapp\system\Database\MigrationRunner.php(182): CodeIgniter\Database\MigrationRunner->migrate('up', Object(stdClass))
#7 C:\xampp\htdocs\taskapp\app\Controllers\Migrate.php(12): CodeIgniter\Database\MigrationRunner->latest()
#8 C:\xampp\htdocs\taskapp\system\CodeIgniter.php(933): App\Controllers\Migrate->index()
#9 C:\xampp\htdocs\taskapp\system\CodeIgniter.php(507): CodeIgniter\CodeIgniter->runController(Object(App\Controllers\Migrate))
#10 C:\xampp\htdocs\taskapp\system\CodeIgniter.php(354): CodeIgniter\CodeIgniter->handleRequest(NULL, Object(Config\Cache), false)
#11 C:\xampp\htdocs\taskapp\system\Boot.php(363): CodeIgniter\CodeIgniter->run()
#12 C:\xampp\htdocs\taskapp\system\Boot.php(68): CodeIgniter\Boot::runCodeIgniter(Object(CodeIgniter\CodeIgniter))
#13 C:\xampp\htdocs\taskapp\public\index.php(59): CodeIgniter\Boot::bootWeb(Object(Config\Paths))
#14 {main}
ERROR - 2025-10-03 22:24:03 --> mysqli_sql_exception: Duplicate column name 'update_at' in C:\xampp\htdocs\taskapp\system\Database\MySQLi\Connection.php:327
Stack trace:
#0 C:\xampp\htdocs\taskapp\system\Database\MySQLi\Connection.php(327): mysqli->query('ALTER TABLE `ta...', 0)
#1 C:\xampp\htdocs\taskapp\system\Database\BaseConnection.php(729): CodeIgniter\Database\MySQLi\Connection->execute('ALTER TABLE `ta...')
#2 C:\xampp\htdocs\taskapp\system\Database\BaseConnection.php(646): CodeIgniter\Database\BaseConnection->simpleQuery('ALTER TABLE `ta...')
#3 C:\xampp\htdocs\taskapp\system\Database\Forge.php(772): CodeIgniter\Database\BaseConnection->query('ALTER TABLE `ta...')
#4 C:\xampp\htdocs\taskapp\app\Database\Migrations\app\Database\Migrations\2025-02-10-114500_add_timestamps_to_task.php(11): CodeIgniter\Database\Forge->addColumn('task', Array)
#5 C:\xampp\htdocs\taskapp\system\Database\MigrationRunner.php(876): App\Database\Migrations\AddTimestampsTotask->up()
#6 C:\xampp\htdocs\taskapp\system\Database\MigrationRunner.php(182): CodeIgniter\Database\MigrationRunner->migrate('up', Object(stdClass))
#7 C:\xampp\htdocs\taskapp\app\Controllers\Migrate.php(12): CodeIgniter\Database\MigrationRunner->latest()
#8 C:\xampp\htdocs\taskapp\system\CodeIgniter.php(933): App\Controllers\Migrate->index()
#9 C:\xampp\htdocs\taskapp\system\CodeIgniter.php(507): CodeIgniter\CodeIgniter->runController(Object(App\Controllers\Migrate))
#10 C:\xampp\htdocs\taskapp\system\CodeIgniter.php(354): CodeIgniter\CodeIgniter->handleRequest(NULL, Object(Config\Cache), false)
#11 C:\xampp\htdocs\taskapp\system\Boot.php(363): CodeIgniter\CodeIgniter->run()
#12 C:\xampp\htdocs\taskapp\system\Boot.php(68): CodeIgniter\Boot::runCodeIgniter(Object(CodeIgniter\CodeIgniter))
#13 C:\xampp\htdocs\taskapp\public\index.php(59): CodeIgniter\Boot::bootWeb(Object(Config\Paths))
#14 {main}
ERROR - 2025-10-03 22:24:03 --> mysqli_sql_exception: Duplicate column name 'update_at' in C:\xampp\htdocs\taskapp\system\Database\MySQLi\Connection.php:327
Stack trace:
#0 C:\xampp\htdocs\taskapp\system\Database\MySQLi\Connection.php(327): mysqli->query('ALTER TABLE `ta...', 0)
#1 C:\xampp\htdocs\taskapp\system\Database\BaseConnection.php(729): CodeIgniter\Database\MySQLi\Connection->execute('ALTER TABLE `ta...')
#2 C:\xampp\htdocs\taskapp\system\Database\BaseConnection.php(646): CodeIgniter\Database\BaseConnection->simpleQuery('ALTER TABLE `ta...')
#3 C:\xampp\htdocs\taskapp\system\Database\Forge.php(772): CodeIgniter\Database\BaseConnection->query('ALTER TABLE `ta...')
#4 C:\xampp\htdocs\taskapp\app\Database\Migrations\app\Database\Migrations\2025-02-10-114500_add_timestamps_to_task.php(11): CodeIgniter\Database\Forge->addColumn('task', Array)
#5 C:\xampp\htdocs\taskapp\system\Database\MigrationRunner.php(876): App\Database\Migrations\AddTimestampsTotask->up()
#6 C:\xampp\htdocs\taskapp\system\Database\MigrationRunner.php(182): CodeIgniter\Database\MigrationRunner->migrate('up', Object(stdClass))
#7 C:\xampp\htdocs\taskapp\app\Controllers\Migrate.php(12): CodeIgniter\Database\MigrationRunner->latest()
#8 C:\xampp\htdocs\taskapp\system\CodeIgniter.php(933): App\Controllers\Migrate->index()
#9 C:\xampp\htdocs\taskapp\system\CodeIgniter.php(507): CodeIgniter\CodeIgniter->runController(Object(App\Controllers\Migrate))
#10 C:\xampp\htdocs\taskapp\system\CodeIgniter.php(354): CodeIgniter\CodeIgniter->handleRequest(NULL, Object(Config\Cache), false)
#11 C:\xampp\htdocs\taskapp\system\Boot.php(363): CodeIgniter\CodeIgniter->run()
#12 C:\xampp\htdocs\taskapp\system\Boot.php(68): CodeIgniter\Boot::runCodeIgniter(Object(CodeIgniter\CodeIgniter))
#13 C:\xampp\htdocs\taskapp\public\index.php(59): CodeIgniter\Boot::bootWeb(Object(Config\Paths))
#14 {main}
ERROR - 2025-10-03 22:24:03 --> mysqli_sql_exception: Duplicate column name 'update_at' in C:\xampp\htdocs\taskapp\system\Database\MySQLi\Connection.php:327
Stack trace:
#0 C:\xampp\htdocs\taskapp\system\Database\MySQLi\Connection.php(327): mysqli->query('ALTER TABLE `ta...', 0)
#1 C:\xampp\htdocs\taskapp\system\Database\BaseConnection.php(729): CodeIgniter\Database\MySQLi\Connection->execute('ALTER TABLE `ta...')
#2 C:\xampp\htdocs\taskapp\system\Database\BaseConnection.php(646): CodeIgniter\Database\BaseConnection->simpleQuery('ALTER TABLE `ta...')
#3 C:\xampp\htdocs\taskapp\system\Database\Forge.php(772): CodeIgniter\Database\BaseConnection->query('ALTER TABLE `ta...')
#4 C:\xampp\htdocs\taskapp\app\Database\Migrations\app\Database\Migrations\2025-02-10-114500_add_timestamps_to_task.php(11): CodeIgniter\Database\Forge->addColumn('task', Array)
#5 C:\xampp\htdocs\taskapp\system\Database\MigrationRunner.php(876): App\Database\Migrations\AddTimestampsTotask->up()
#6 C:\xampp\htdocs\taskapp\system\Database\MigrationRunner.php(182): CodeIgniter\Database\MigrationRunner->migrate('up', Object(stdClass))
#7 C:\xampp\htdocs\taskapp\app\Controllers\Migrate.php(12): CodeIgniter\Database\MigrationRunner->latest()
#8 C:\xampp\htdocs\taskapp\system\CodeIgniter.php(933): App\Controllers\Migrate->index()
#9 C:\xampp\htdocs\taskapp\system\CodeIgniter.php(507): CodeIgniter\CodeIgniter->runController(Object(App\Controllers\Migrate))
#10 C:\xampp\htdocs\taskapp\system\CodeIgniter.php(354): CodeIgniter\CodeIgniter->handleRequest(NULL, Object(Config\Cache), false)
#11 C:\xampp\htdocs\taskapp\system\Boot.php(363): CodeIgniter\CodeIgniter->run()
#12 C:\xampp\htdocs\taskapp\system\Boot.php(68): CodeIgniter\Boot::runCodeIgniter(Object(CodeIgniter\CodeIgniter))
#13 C:\xampp\htdocs\taskapp\public\index.php(59): CodeIgniter\Boot::bootWeb(Object(Config\Paths))
#14 {main}
ERROR - 2025-10-03 22:24:04 --> mysqli_sql_exception: Duplicate column name 'update_at' in C:\xampp\htdocs\taskapp\system\Database\MySQLi\Connection.php:327
Stack trace:
#0 C:\xampp\htdocs\taskapp\system\Database\MySQLi\Connection.php(327): mysqli->query('ALTER TABLE `ta...', 0)
#1 C:\xampp\htdocs\taskapp\system\Database\BaseConnection.php(729): CodeIgniter\Database\MySQLi\Connection->execute('ALTER TABLE `ta...')
#2 C:\xampp\htdocs\taskapp\system\Database\BaseConnection.php(646): CodeIgniter\Database\BaseConnection->simpleQuery('ALTER TABLE `ta...')
#3 C:\xampp\htdocs\taskapp\system\Database\Forge.php(772): CodeIgniter\Database\BaseConnection->query('ALTER TABLE `ta...')
#4 C:\xampp\htdocs\taskapp\app\Database\Migrations\app\Database\Migrations\2025-02-10-114500_add_timestamps_to_task.php(11): CodeIgniter\Database\Forge->addColumn('task', Array)
#5 C:\xampp\htdocs\taskapp\system\Database\MigrationRunner.php(876): App\Database\Migrations\AddTimestampsTotask->up()
#6 C:\xampp\htdocs\taskapp\system\Database\MigrationRunner.php(182): CodeIgniter\Database\MigrationRunner->migrate('up', Object(stdClass))
#7 C:\xampp\htdocs\taskapp\app\Controllers\Migrate.php(12): CodeIgniter\Database\MigrationRunner->latest()
#8 C:\xampp\htdocs\taskapp\system\CodeIgniter.php(933): App\Controllers\Migrate->index()
#9 C:\xampp\htdocs\taskapp\system\CodeIgniter.php(507): CodeIgniter\CodeIgniter->runController(Object(App\Controllers\Migrate))
#10 C:\xampp\htdocs\taskapp\system\CodeIgniter.php(354): CodeIgniter\CodeIgniter->handleRequest(NULL, Object(Config\Cache), false)
#11 C:\xampp\htdocs\taskapp\system\Boot.php(363): CodeIgniter\CodeIgniter->run()
#12 C:\xampp\htdocs\taskapp\system\Boot.php(68): CodeIgniter\Boot::runCodeIgniter(Object(CodeIgniter\CodeIgniter))
#13 C:\xampp\htdocs\taskapp\public\index.php(59): CodeIgniter\Boot::bootWeb(Object(Config\Paths))
#14 {main}
ERROR - 2025-10-03 22:24:06 --> mysqli_sql_exception: Duplicate column name 'update_at' in C:\xampp\htdocs\taskapp\system\Database\MySQLi\Connection.php:327
Stack trace:
#0 C:\xampp\htdocs\taskapp\system\Database\MySQLi\Connection.php(327): mysqli->query('ALTER TABLE `ta...', 0)
#1 C:\xampp\htdocs\taskapp\system\Database\BaseConnection.php(729): CodeIgniter\Database\MySQLi\Connection->execute('ALTER TABLE `ta...')
#2 C:\xampp\htdocs\taskapp\system\Database\BaseConnection.php(646): CodeIgniter\Database\BaseConnection->simpleQuery('ALTER TABLE `ta...')
#3 C:\xampp\htdocs\taskapp\system\Database\Forge.php(772): CodeIgniter\Database\BaseConnection->query('ALTER TABLE `ta...')
#4 C:\xampp\htdocs\taskapp\app\Database\Migrations\app\Database\Migrations\2025-02-10-114500_add_timestamps_to_task.php(11): CodeIgniter\Database\Forge->addColumn('task', Array)
#5 C:\xampp\htdocs\taskapp\system\Database\MigrationRunner.php(876): App\Database\Migrations\AddTimestampsTotask->up()
#6 C:\xampp\htdocs\taskapp\system\Database\MigrationRunner.php(182): CodeIgniter\Database\MigrationRunner->migrate('up', Object(stdClass))
#7 C:\xampp\htdocs\taskapp\app\Controllers\Migrate.php(12): CodeIgniter\Database\MigrationRunner->latest()
#8 C:\xampp\htdocs\taskapp\system\CodeIgniter.php(933): App\Controllers\Migrate->index()
#9 C:\xampp\htdocs\taskapp\system\CodeIgniter.php(507): CodeIgniter\CodeIgniter->runController(Object(App\Controllers\Migrate))
#10 C:\xampp\htdocs\taskapp\system\CodeIgniter.php(354): CodeIgniter\CodeIgniter->handleRequest(NULL, Object(Config\Cache), false)
#11 C:\xampp\htdocs\taskapp\system\Boot.php(363): CodeIgniter\CodeIgniter->run()
#12 C:\xampp\htdocs\taskapp\system\Boot.php(68): CodeIgniter\Boot::runCodeIgniter(Object(CodeIgniter\CodeIgniter))
#13 C:\xampp\htdocs\taskapp\public\index.php(59): CodeIgniter\Boot::bootWeb(Object(Config\Paths))
#14 {main}
ERROR - 2025-10-03 22:24:09 --> mysqli_sql_exception: Duplicate column name 'update_at' in C:\xampp\htdocs\taskapp\system\Database\MySQLi\Connection.php:327
Stack trace:
#0 C:\xampp\htdocs\taskapp\system\Database\MySQLi\Connection.php(327): mysqli->query('ALTER TABLE `ta...', 0)
#1 C:\xampp\htdocs\taskapp\system\Database\BaseConnection.php(729): CodeIgniter\Database\MySQLi\Connection->execute('ALTER TABLE `ta...')
#2 C:\xampp\htdocs\taskapp\system\Database\BaseConnection.php(646): CodeIgniter\Database\BaseConnection->simpleQuery('ALTER TABLE `ta...')
#3 C:\xampp\htdocs\taskapp\system\Database\Forge.php(772): CodeIgniter\Database\BaseConnection->query('ALTER TABLE `ta...')
#4 C:\xampp\htdocs\taskapp\app\Database\Migrations\app\Database\Migrations\2025-02-10-114500_add_timestamps_to_task.php(11): CodeIgniter\Database\Forge->addColumn('task', Array)
#5 C:\xampp\htdocs\taskapp\system\Database\MigrationRunner.php(876): App\Database\Migrations\AddTimestampsTotask->up()
#6 C:\xampp\htdocs\taskapp\system\Database\MigrationRunner.php(182): CodeIgniter\Database\MigrationRunner->migrate('up', Object(stdClass))
#7 C:\xampp\htdocs\taskapp\app\Controllers\Migrate.php(12): CodeIgniter\Database\MigrationRunner->latest()
#8 C:\xampp\htdocs\taskapp\system\CodeIgniter.php(933): App\Controllers\Migrate->index()
#9 C:\xampp\htdocs\taskapp\system\CodeIgniter.php(507): CodeIgniter\CodeIgniter->runController(Object(App\Controllers\Migrate))
#10 C:\xampp\htdocs\taskapp\system\CodeIgniter.php(354): CodeIgniter\CodeIgniter->handleRequest(NULL, Object(Config\Cache), false)
#11 C:\xampp\htdocs\taskapp\system\Boot.php(363): CodeIgniter\CodeIgniter->run()
#12 C:\xampp\htdocs\taskapp\system\Boot.php(68): CodeIgniter\Boot::runCodeIgniter(Object(CodeIgniter\CodeIgniter))
#13 C:\xampp\htdocs\taskapp\public\index.php(59): CodeIgniter\Boot::bootWeb(Object(Config\Paths))
#14 {main}
ERROR - 2025-10-03 22:24:23 --> mysqli_sql_exception: Duplicate column name 'update_at' in C:\xampp\htdocs\taskapp\system\Database\MySQLi\Connection.php:327
Stack trace:
#0 C:\xampp\htdocs\taskapp\system\Database\MySQLi\Connection.php(327): mysqli->query('ALTER TABLE `ta...', 0)
#1 C:\xampp\htdocs\taskapp\system\Database\BaseConnection.php(729): CodeIgniter\Database\MySQLi\Connection->execute('ALTER TABLE `ta...')
#2 C:\xampp\htdocs\taskapp\system\Database\BaseConnection.php(646): CodeIgniter\Database\BaseConnection->simpleQuery('ALTER TABLE `ta...')
#3 C:\xampp\htdocs\taskapp\system\Database\Forge.php(772): CodeIgniter\Database\BaseConnection->query('ALTER TABLE `ta...')
#4 C:\xampp\htdocs\taskapp\app\Database\Migrations\app\Database\Migrations\2025-02-10-114500_add_timestamps_to_task.php(11): CodeIgniter\Database\Forge->addColumn('task', Array)
#5 C:\xampp\htdocs\taskapp\system\Database\MigrationRunner.php(876): App\Database\Migrations\AddTimestampsTotask->up()
#6 C:\xampp\htdocs\taskapp\system\Database\MigrationRunner.php(182): CodeIgniter\Database\MigrationRunner->migrate('up', Object(stdClass))
#7 C:\xampp\htdocs\taskapp\app\Controllers\Migrate.php(12): CodeIgniter\Database\MigrationRunner->latest()
#8 C:\xampp\htdocs\taskapp\system\CodeIgniter.php(933): App\Controllers\Migrate->index()
#9 C:\xampp\htdocs\taskapp\system\CodeIgniter.php(507): CodeIgniter\CodeIgniter->runController(Object(App\Controllers\Migrate))
#10 C:\xampp\htdocs\taskapp\system\CodeIgniter.php(354): CodeIgniter\CodeIgniter->handleRequest(NULL, Object(Config\Cache), false)
#11 C:\xampp\htdocs\taskapp\system\Boot.php(363): CodeIgniter\CodeIgniter->run()
#12 C:\xampp\htdocs\taskapp\system\Boot.php(68): CodeIgniter\Boot::runCodeIgniter(Object(CodeIgniter\CodeIgniter))
#13 C:\xampp\htdocs\taskapp\public\index.php(59): CodeIgniter\Boot::bootWeb(Object(Config\Paths))
#14 {main}
ERROR - 2025-10-03 22:24:23 --> mysqli_sql_exception: Duplicate column name 'update_at' in C:\xampp\htdocs\taskapp\system\Database\MySQLi\Connection.php:327
Stack trace:
#0 C:\xampp\htdocs\taskapp\system\Database\MySQLi\Connection.php(327): mysqli->query('ALTER TABLE `ta...', 0)
#1 C:\xampp\htdocs\taskapp\system\Database\BaseConnection.php(729): CodeIgniter\Database\MySQLi\Connection->execute('ALTER TABLE `ta...')
#2 C:\xampp\htdocs\taskapp\system\Database\BaseConnection.php(646): CodeIgniter\Database\BaseConnection->simpleQuery('ALTER TABLE `ta...')
#3 C:\xampp\htdocs\taskapp\system\Database\Forge.php(772): CodeIgniter\Database\BaseConnection->query('ALTER TABLE `ta...')
#4 C:\xampp\htdocs\taskapp\app\Database\Migrations\app\Database\Migrations\2025-02-10-114500_add_timestamps_to_task.php(11): CodeIgniter\Database\Forge->addColumn('task', Array)
#5 C:\xampp\htdocs\taskapp\system\Database\MigrationRunner.php(876): App\Database\Migrations\AddTimestampsTotask->up()
#6 C:\xampp\htdocs\taskapp\system\Database\MigrationRunner.php(182): CodeIgniter\Database\MigrationRunner->migrate('up', Object(stdClass))
#7 C:\xampp\htdocs\taskapp\app\Controllers\Migrate.php(12): CodeIgniter\Database\MigrationRunner->latest()
#8 C:\xampp\htdocs\taskapp\system\CodeIgniter.php(933): App\Controllers\Migrate->index()
#9 C:\xampp\htdocs\taskapp\system\CodeIgniter.php(507): CodeIgniter\CodeIgniter->runController(Object(App\Controllers\Migrate))
#10 C:\xampp\htdocs\taskapp\system\CodeIgniter.php(354): CodeIgniter\CodeIgniter->handleRequest(NULL, Object(Config\Cache), false)
#11 C:\xampp\htdocs\taskapp\system\Boot.php(363): CodeIgniter\CodeIgniter->run()
#12 C:\xampp\htdocs\taskapp\system\Boot.php(68): CodeIgniter\Boot::runCodeIgniter(Object(CodeIgniter\CodeIgniter))
#13 C:\xampp\htdocs\taskapp\public\index.php(59): CodeIgniter\Boot::bootWeb(Object(Config\Paths))
#14 {main}
ERROR - 2025-10-03 22:24:23 --> mysqli_sql_exception: Duplicate column name 'update_at' in C:\xampp\htdocs\taskapp\system\Database\MySQLi\Connection.php:327
Stack trace:
#0 C:\xampp\htdocs\taskapp\system\Database\MySQLi\Connection.php(327): mysqli->query('ALTER TABLE `ta...', 0)
#1 C:\xampp\htdocs\taskapp\system\Database\BaseConnection.php(729): CodeIgniter\Database\MySQLi\Connection->execute('ALTER TABLE `ta...')
#2 C:\xampp\htdocs\taskapp\system\Database\BaseConnection.php(646): CodeIgniter\Database\BaseConnection->simpleQuery('ALTER TABLE `ta...')
#3 C:\xampp\htdocs\taskapp\system\Database\Forge.php(772): CodeIgniter\Database\BaseConnection->query('ALTER TABLE `ta...')
#4 C:\xampp\htdocs\taskapp\app\Database\Migrations\app\Database\Migrations\2025-02-10-114500_add_timestamps_to_task.php(11): CodeIgniter\Database\Forge->addColumn('task', Array)
#5 C:\xampp\htdocs\taskapp\system\Database\MigrationRunner.php(876): App\Database\Migrations\AddTimestampsTotask->up()
#6 C:\xampp\htdocs\taskapp\system\Database\MigrationRunner.php(182): CodeIgniter\Database\MigrationRunner->migrate('up', Object(stdClass))
#7 C:\xampp\htdocs\taskapp\app\Controllers\Migrate.php(12): CodeIgniter\Database\MigrationRunner->latest()
#8 C:\xampp\htdocs\taskapp\system\CodeIgniter.php(933): App\Controllers\Migrate->index()
#9 C:\xampp\htdocs\taskapp\system\CodeIgniter.php(507): CodeIgniter\CodeIgniter->runController(Object(App\Controllers\Migrate))
#10 C:\xampp\htdocs\taskapp\system\CodeIgniter.php(354): CodeIgniter\CodeIgniter->handleRequest(NULL, Object(Config\Cache), false)
#11 C:\xampp\htdocs\taskapp\system\Boot.php(363): CodeIgniter\CodeIgniter->run()
#12 C:\xampp\htdocs\taskapp\system\Boot.php(68): CodeIgniter\Boot::runCodeIgniter(Object(CodeIgniter\CodeIgniter))
#13 C:\xampp\htdocs\taskapp\public\index.php(59): CodeIgniter\Boot::bootWeb(Object(Config\Paths))
#14 {main}
ERROR - 2025-10-03 22:24:23 --> mysqli_sql_exception: Duplicate column name 'update_at' in C:\xampp\htdocs\taskapp\system\Database\MySQLi\Connection.php:327
Stack trace:
#0 C:\xampp\htdocs\taskapp\system\Database\MySQLi\Connection.php(327): mysqli->query('ALTER TABLE `ta...', 0)
#1 C:\xampp\htdocs\taskapp\system\Database\BaseConnection.php(729): CodeIgniter\Database\MySQLi\Connection->execute('ALTER TABLE `ta...')
#2 C:\xampp\htdocs\taskapp\system\Database\BaseConnection.php(646): CodeIgniter\Database\BaseConnection->simpleQuery('ALTER TABLE `ta...')
#3 C:\xampp\htdocs\taskapp\system\Database\Forge.php(772): CodeIgniter\Database\BaseConnection->query('ALTER TABLE `ta...')
#4 C:\xampp\htdocs\taskapp\app\Database\Migrations\app\Database\Migrations\2025-02-10-114500_add_timestamps_to_task.php(11): CodeIgniter\Database\Forge->addColumn('task', Array)
#5 C:\xampp\htdocs\taskapp\system\Database\MigrationRunner.php(876): App\Database\Migrations\AddTimestampsTotask->up()
#6 C:\xampp\htdocs\taskapp\system\Database\MigrationRunner.php(182): CodeIgniter\Database\MigrationRunner->migrate('up', Object(stdClass))
#7 C:\xampp\htdocs\taskapp\app\Controllers\Migrate.php(12): CodeIgniter\Database\MigrationRunner->latest()
#8 C:\xampp\htdocs\taskapp\system\CodeIgniter.php(933): App\Controllers\Migrate->index()
#9 C:\xampp\htdocs\taskapp\system\CodeIgniter.php(507): CodeIgniter\CodeIgniter->runController(Object(App\Controllers\Migrate))
#10 C:\xampp\htdocs\taskapp\system\CodeIgniter.php(354): CodeIgniter\CodeIgniter->handleRequest(NULL, Object(Config\Cache), false)
#11 C:\xampp\htdocs\taskapp\system\Boot.php(363): CodeIgniter\CodeIgniter->run()
#12 C:\xampp\htdocs\taskapp\system\Boot.php(68): CodeIgniter\Boot::runCodeIgniter(Object(CodeIgniter\CodeIgniter))
#13 C:\xampp\htdocs\taskapp\public\index.php(59): CodeIgniter\Boot::bootWeb(Object(Config\Paths))
#14 {main}
ERROR - 2025-10-03 22:24:23 --> mysqli_sql_exception: Duplicate column name 'update_at' in C:\xampp\htdocs\taskapp\system\Database\MySQLi\Connection.php:327
Stack trace:
#0 C:\xampp\htdocs\taskapp\system\Database\MySQLi\Connection.php(327): mysqli->query('ALTER TABLE `ta...', 0)
#1 C:\xampp\htdocs\taskapp\system\Database\BaseConnection.php(729): CodeIgniter\Database\MySQLi\Connection->execute('ALTER TABLE `ta...')
#2 C:\xampp\htdocs\taskapp\system\Database\BaseConnection.php(646): CodeIgniter\Database\BaseConnection->simpleQuery('ALTER TABLE `ta...')
#3 C:\xampp\htdocs\taskapp\system\Database\Forge.php(772): CodeIgniter\Database\BaseConnection->query('ALTER TABLE `ta...')
#4 C:\xampp\htdocs\taskapp\app\Database\Migrations\app\Database\Migrations\2025-02-10-114500_add_timestamps_to_task.php(11): CodeIgniter\Database\Forge->addColumn('task', Array)
#5 C:\xampp\htdocs\taskapp\system\Database\MigrationRunner.php(876): App\Database\Migrations\AddTimestampsTotask->up()
#6 C:\xampp\htdocs\taskapp\system\Database\MigrationRunner.php(182): CodeIgniter\Database\MigrationRunner->migrate('up', Object(stdClass))
#7 C:\xampp\htdocs\taskapp\app\Controllers\Migrate.php(12): CodeIgniter\Database\MigrationRunner->latest()
#8 C:\xampp\htdocs\taskapp\system\CodeIgniter.php(933): App\Controllers\Migrate->index()
#9 C:\xampp\htdocs\taskapp\system\CodeIgniter.php(507): CodeIgniter\CodeIgniter->runController(Object(App\Controllers\Migrate))
#10 C:\xampp\htdocs\taskapp\system\CodeIgniter.php(354): CodeIgniter\CodeIgniter->handleRequest(NULL, Object(Config\Cache), false)
#11 C:\xampp\htdocs\taskapp\system\Boot.php(363): CodeIgniter\CodeIgniter->run()
#12 C:\xampp\htdocs\taskapp\system\Boot.php(68): CodeIgniter\Boot::runCodeIgniter(Object(CodeIgniter\CodeIgniter))
#13 C:\xampp\htdocs\taskapp\public\index.php(59): CodeIgniter\Boot::bootWeb(Object(Config\Paths))
#14 {main}
ERROR - 2025-10-03 22:24:24 --> mysqli_sql_exception: Duplicate column name 'update_at' in C:\xampp\htdocs\taskapp\system\Database\MySQLi\Connection.php:327
Stack trace:
#0 C:\xampp\htdocs\taskapp\system\Database\MySQLi\Connection.php(327): mysqli->query('ALTER TABLE `ta...', 0)
#1 C:\xampp\htdocs\taskapp\system\Database\BaseConnection.php(729): CodeIgniter\Database\MySQLi\Connection->execute('ALTER TABLE `ta...')
#2 C:\xampp\htdocs\taskapp\system\Database\BaseConnection.php(646): CodeIgniter\Database\BaseConnection->simpleQuery('ALTER TABLE `ta...')
#3 C:\xampp\htdocs\taskapp\system\Database\Forge.php(772): CodeIgniter\Database\BaseConnection->query('ALTER TABLE `ta...')
#4 C:\xampp\htdocs\taskapp\app\Database\Migrations\app\Database\Migrations\2025-02-10-114500_add_timestamps_to_task.php(11): CodeIgniter\Database\Forge->addColumn('task', Array)
#5 C:\xampp\htdocs\taskapp\system\Database\MigrationRunner.php(876): App\Database\Migrations\AddTimestampsTotask->up()
#6 C:\xampp\htdocs\taskapp\system\Database\MigrationRunner.php(182): CodeIgniter\Database\MigrationRunner->migrate('up', Object(stdClass))
#7 C:\xampp\htdocs\taskapp\app\Controllers\Migrate.php(12): CodeIgniter\Database\MigrationRunner->latest()
#8 C:\xampp\htdocs\taskapp\system\CodeIgniter.php(933): App\Controllers\Migrate->index()
#9 C:\xampp\htdocs\taskapp\system\CodeIgniter.php(507): CodeIgniter\CodeIgniter->runController(Object(App\Controllers\Migrate))
#10 C:\xampp\htdocs\taskapp\system\CodeIgniter.php(354): CodeIgniter\CodeIgniter->handleRequest(NULL, Object(Config\Cache), false)
#11 C:\xampp\htdocs\taskapp\system\Boot.php(363): CodeIgniter\CodeIgniter->run()
#12 C:\xampp\htdocs\taskapp\system\Boot.php(68): CodeIgniter\Boot::runCodeIgniter(Object(CodeIgniter\CodeIgniter))
#13 C:\xampp\htdocs\taskapp\public\index.php(59): CodeIgniter\Boot::bootWeb(Object(Config\Paths))
#14 {main}
ERROR - 2025-10-03 22:24:24 --> mysqli_sql_exception: Duplicate column name 'update_at' in C:\xampp\htdocs\taskapp\system\Database\MySQLi\Connection.php:327
Stack trace:
#0 C:\xampp\htdocs\taskapp\system\Database\MySQLi\Connection.php(327): mysqli->query('ALTER TABLE `ta...', 0)
#1 C:\xampp\htdocs\taskapp\system\Database\BaseConnection.php(729): CodeIgniter\Database\MySQLi\Connection->execute('ALTER TABLE `ta...')
#2 C:\xampp\htdocs\taskapp\system\Database\BaseConnection.php(646): CodeIgniter\Database\BaseConnection->simpleQuery('ALTER TABLE `ta...')
#3 C:\xampp\htdocs\taskapp\system\Database\Forge.php(772): CodeIgniter\Database\BaseConnection->query('ALTER TABLE `ta...')
#4 C:\xampp\htdocs\taskapp\app\Database\Migrations\app\Database\Migrations\2025-02-10-114500_add_timestamps_to_task.php(11): CodeIgniter\Database\Forge->addColumn('task', Array)
#5 C:\xampp\htdocs\taskapp\system\Database\MigrationRunner.php(876): App\Database\Migrations\AddTimestampsTotask->up()
#6 C:\xampp\htdocs\taskapp\system\Database\MigrationRunner.php(182): CodeIgniter\Database\MigrationRunner->migrate('up', Object(stdClass))
#7 C:\xampp\htdocs\taskapp\app\Controllers\Migrate.php(12): CodeIgniter\Database\MigrationRunner->latest()
#8 C:\xampp\htdocs\taskapp\system\CodeIgniter.php(933): App\Controllers\Migrate->index()
#9 C:\xampp\htdocs\taskapp\system\CodeIgniter.php(507): CodeIgniter\CodeIgniter->runController(Object(App\Controllers\Migrate))
#10 C:\xampp\htdocs\taskapp\system\CodeIgniter.php(354): CodeIgniter\CodeIgniter->handleRequest(NULL, Object(Config\Cache), false)
#11 C:\xampp\htdocs\taskapp\system\Boot.php(363): CodeIgniter\CodeIgniter->run()
#12 C:\xampp\htdocs\taskapp\system\Boot.php(68): CodeIgniter\Boot::runCodeIgniter(Object(CodeIgniter\CodeIgniter))
#13 C:\xampp\htdocs\taskapp\public\index.php(59): CodeIgniter\Boot::bootWeb(Object(Config\Paths))
#14 {main}
ERROR - 2025-10-03 22:24:24 --> mysqli_sql_exception: Duplicate column name 'update_at' in C:\xampp\htdocs\taskapp\system\Database\MySQLi\Connection.php:327
Stack trace:
#0 C:\xampp\htdocs\taskapp\system\Database\MySQLi\Connection.php(327): mysqli->query('ALTER TABLE `ta...', 0)
#1 C:\xampp\htdocs\taskapp\system\Database\BaseConnection.php(729): CodeIgniter\Database\MySQLi\Connection->execute('ALTER TABLE `ta...')
#2 C:\xampp\htdocs\taskapp\system\Database\BaseConnection.php(646): CodeIgniter\Database\BaseConnection->simpleQuery('ALTER TABLE `ta...')
#3 C:\xampp\htdocs\taskapp\system\Database\Forge.php(772): CodeIgniter\Database\BaseConnection->query('ALTER TABLE `ta...')
#4 C:\xampp\htdocs\taskapp\app\Database\Migrations\app\Database\Migrations\2025-02-10-114500_add_timestamps_to_task.php(11): CodeIgniter\Database\Forge->addColumn('task', Array)
#5 C:\xampp\htdocs\taskapp\system\Database\MigrationRunner.php(876): App\Database\Migrations\AddTimestampsTotask->up()
#6 C:\xampp\htdocs\taskapp\system\Database\MigrationRunner.php(182): CodeIgniter\Database\MigrationRunner->migrate('up', Object(stdClass))
#7 C:\xampp\htdocs\taskapp\app\Controllers\Migrate.php(12): CodeIgniter\Database\MigrationRunner->latest()
#8 C:\xampp\htdocs\taskapp\system\CodeIgniter.php(933): App\Controllers\Migrate->index()
#9 C:\xampp\htdocs\taskapp\system\CodeIgniter.php(507): CodeIgniter\CodeIgniter->runController(Object(App\Controllers\Migrate))
#10 C:\xampp\htdocs\taskapp\system\CodeIgniter.php(354): CodeIgniter\CodeIgniter->handleRequest(NULL, Object(Config\Cache), false)
#11 C:\xampp\htdocs\taskapp\system\Boot.php(363): CodeIgniter\CodeIgniter->run()
#12 C:\xampp\htdocs\taskapp\system\Boot.php(68): CodeIgniter\Boot::runCodeIgniter(Object(CodeIgniter\CodeIgniter))
#13 C:\xampp\htdocs\taskapp\public\index.php(59): CodeIgniter\Boot::bootWeb(Object(Config\Paths))
#14 {main}
ERROR - 2025-10-03 22:24:24 --> mysqli_sql_exception: Duplicate column name 'update_at' in C:\xampp\htdocs\taskapp\system\Database\MySQLi\Connection.php:327
Stack trace:
#0 C:\xampp\htdocs\taskapp\system\Database\MySQLi\Connection.php(327): mysqli->query('ALTER TABLE `ta...', 0)
#1 C:\xampp\htdocs\taskapp\system\Database\BaseConnection.php(729): CodeIgniter\Database\MySQLi\Connection->execute('ALTER TABLE `ta...')
#2 C:\xampp\htdocs\taskapp\system\Database\BaseConnection.php(646): CodeIgniter\Database\BaseConnection->simpleQuery('ALTER TABLE `ta...')
#3 C:\xampp\htdocs\taskapp\system\Database\Forge.php(772): CodeIgniter\Database\BaseConnection->query('ALTER TABLE `ta...')
#4 C:\xampp\htdocs\taskapp\app\Database\Migrations\app\Database\Migrations\2025-02-10-114500_add_timestamps_to_task.php(11): CodeIgniter\Database\Forge->addColumn('task', Array)
#5 C:\xampp\htdocs\taskapp\system\Database\MigrationRunner.php(876): App\Database\Migrations\AddTimestampsTotask->up()
#6 C:\xampp\htdocs\taskapp\system\Database\MigrationRunner.php(182): CodeIgniter\Database\MigrationRunner->migrate('up', Object(stdClass))
#7 C:\xampp\htdocs\taskapp\app\Controllers\Migrate.php(12): CodeIgniter\Database\MigrationRunner->latest()
#8 C:\xampp\htdocs\taskapp\system\CodeIgniter.php(933): App\Controllers\Migrate->index()
#9 C:\xampp\htdocs\taskapp\system\CodeIgniter.php(507): CodeIgniter\CodeIgniter->runController(Object(App\Controllers\Migrate))
#10 C:\xampp\htdocs\taskapp\system\CodeIgniter.php(354): CodeIgniter\CodeIgniter->handleRequest(NULL, Object(Config\Cache), false)
#11 C:\xampp\htdocs\taskapp\system\Boot.php(363): CodeIgniter\CodeIgniter->run()
#12 C:\xampp\htdocs\taskapp\system\Boot.php(68): CodeIgniter\Boot::runCodeIgniter(Object(CodeIgniter\CodeIgniter))
#13 C:\xampp\htdocs\taskapp\public\index.php(59): CodeIgniter\Boot::bootWeb(Object(Config\Paths))
#14 {main}
ERROR - 2025-10-03 22:24:24 --> mysqli_sql_exception: Duplicate column name 'update_at' in C:\xampp\htdocs\taskapp\system\Database\MySQLi\Connection.php:327
Stack trace:
#0 C:\xampp\htdocs\taskapp\system\Database\MySQLi\Connection.php(327): mysqli->query('ALTER TABLE `ta...', 0)
#1 C:\xampp\htdocs\taskapp\system\Database\BaseConnection.php(729): CodeIgniter\Database\MySQLi\Connection->execute('ALTER TABLE `ta...')
#2 C:\xampp\htdocs\taskapp\system\Database\BaseConnection.php(646): CodeIgniter\Database\BaseConnection->simpleQuery('ALTER TABLE `ta...')
#3 C:\xampp\htdocs\taskapp\system\Database\Forge.php(772): CodeIgniter\Database\BaseConnection->query('ALTER TABLE `ta...')
#4 C:\xampp\htdocs\taskapp\app\Database\Migrations\app\Database\Migrations\2025-02-10-114500_add_timestamps_to_task.php(11): CodeIgniter\Database\Forge->addColumn('task', Array)
#5 C:\xampp\htdocs\taskapp\system\Database\MigrationRunner.php(876): App\Database\Migrations\AddTimestampsTotask->up()
#6 C:\xampp\htdocs\taskapp\system\Database\MigrationRunner.php(182): CodeIgniter\Database\MigrationRunner->migrate('up', Object(stdClass))
#7 C:\xampp\htdocs\taskapp\app\Controllers\Migrate.php(12): CodeIgniter\Database\MigrationRunner->latest()
#8 C:\xampp\htdocs\taskapp\system\CodeIgniter.php(933): App\Controllers\Migrate->index()
#9 C:\xampp\htdocs\taskapp\system\CodeIgniter.php(507): CodeIgniter\CodeIgniter->runController(Object(App\Controllers\Migrate))
#10 C:\xampp\htdocs\taskapp\system\CodeIgniter.php(354): CodeIgniter\CodeIgniter->handleRequest(NULL, Object(Config\Cache), false)
#11 C:\xampp\htdocs\taskapp\system\Boot.php(363): CodeIgniter\CodeIgniter->run()
#12 C:\xampp\htdocs\taskapp\system\Boot.php(68): CodeIgniter\Boot::runCodeIgniter(Object(CodeIgniter\CodeIgniter))
#13 C:\xampp\htdocs\taskapp\public\index.php(59): CodeIgniter\Boot::bootWeb(Object(Config\Paths))
#14 {main}
ERROR - 2025-10-03 22:24:25 --> mysqli_sql_exception: Duplicate column name 'update_at' in C:\xampp\htdocs\taskapp\system\Database\MySQLi\Connection.php:327
Stack trace:
#0 C:\xampp\htdocs\taskapp\system\Database\MySQLi\Connection.php(327): mysqli->query('ALTER TABLE `ta...', 0)
#1 C:\xampp\htdocs\taskapp\system\Database\BaseConnection.php(729): CodeIgniter\Database\MySQLi\Connection->execute('ALTER TABLE `ta...')
#2 C:\xampp\htdocs\taskapp\system\Database\BaseConnection.php(646): CodeIgniter\Database\BaseConnection->simpleQuery('ALTER TABLE `ta...')
#3 C:\xampp\htdocs\taskapp\system\Database\Forge.php(772): CodeIgniter\Database\BaseConnection->query('ALTER TABLE `ta...')
#4 C:\xampp\htdocs\taskapp\app\Database\Migrations\app\Database\Migrations\2025-02-10-114500_add_timestamps_to_task.php(11): CodeIgniter\Database\Forge->addColumn('task', Array)
#5 C:\xampp\htdocs\taskapp\system\Database\MigrationRunner.php(876): App\Database\Migrations\AddTimestampsTotask->up()
#6 C:\xampp\htdocs\taskapp\system\Database\MigrationRunner.php(182): CodeIgniter\Database\MigrationRunner->migrate('up', Object(stdClass))
#7 C:\xampp\htdocs\taskapp\app\Controllers\Migrate.php(12): CodeIgniter\Database\MigrationRunner->latest()
#8 C:\xampp\htdocs\taskapp\system\CodeIgniter.php(933): App\Controllers\Migrate->index()
#9 C:\xampp\htdocs\taskapp\system\CodeIgniter.php(507): CodeIgniter\CodeIgniter->runController(Object(App\Controllers\Migrate))
#10 C:\xampp\htdocs\taskapp\system\CodeIgniter.php(354): CodeIgniter\CodeIgniter->handleRequest(NULL, Object(Config\Cache), false)
#11 C:\xampp\htdocs\taskapp\system\Boot.php(363): CodeIgniter\CodeIgniter->run()
#12 C:\xampp\htdocs\taskapp\system\Boot.php(68): CodeIgniter\Boot::runCodeIgniter(Object(CodeIgniter\CodeIgniter))
#13 C:\xampp\htdocs\taskapp\public\index.php(59): CodeIgniter\Boot::bootWeb(Object(Config\Paths))
#14 {main}
ERROR - 2025-10-03 22:24:25 --> mysqli_sql_exception: Duplicate column name 'update_at' in C:\xampp\htdocs\taskapp\system\Database\MySQLi\Connection.php:327
Stack trace:
#0 C:\xampp\htdocs\taskapp\system\Database\MySQLi\Connection.php(327): mysqli->query('ALTER TABLE `ta...', 0)
#1 C:\xampp\htdocs\taskapp\system\Database\BaseConnection.php(729): CodeIgniter\Database\MySQLi\Connection->execute('ALTER TABLE `ta...')
#2 C:\xampp\htdocs\taskapp\system\Database\BaseConnection.php(646): CodeIgniter\Database\BaseConnection->simpleQuery('ALTER TABLE `ta...')
#3 C:\xampp\htdocs\taskapp\system\Database\Forge.php(772): CodeIgniter\Database\BaseConnection->query('ALTER TABLE `ta...')
#4 C:\xampp\htdocs\taskapp\app\Database\Migrations\app\Database\Migrations\2025-02-10-114500_add_timestamps_to_task.php(11): CodeIgniter\Database\Forge->addColumn('task', Array)
#5 C:\xampp\htdocs\taskapp\system\Database\MigrationRunner.php(876): App\Database\Migrations\AddTimestampsTotask->up()
#6 C:\xampp\htdocs\taskapp\system\Database\MigrationRunner.php(182): CodeIgniter\Database\MigrationRunner->migrate('up', Object(stdClass))
#7 C:\xampp\htdocs\taskapp\app\Controllers\Migrate.php(12): CodeIgniter\Database\MigrationRunner->latest()
#8 C:\xampp\htdocs\taskapp\system\CodeIgniter.php(933): App\Controllers\Migrate->index()
#9 C:\xampp\htdocs\taskapp\system\CodeIgniter.php(507): CodeIgniter\CodeIgniter->runController(Object(App\Controllers\Migrate))
#10 C:\xampp\htdocs\taskapp\system\CodeIgniter.php(354): CodeIgniter\CodeIgniter->handleRequest(NULL, Object(Config\Cache), false)
#11 C:\xampp\htdocs\taskapp\system\Boot.php(363): CodeIgniter\CodeIgniter->run()
#12 C:\xampp\htdocs\taskapp\system\Boot.php(68): CodeIgniter\Boot::runCodeIgniter(Object(CodeIgniter\CodeIgniter))
#13 C:\xampp\htdocs\taskapp\public\index.php(59): CodeIgniter\Boot::bootWeb(Object(Config\Paths))
#14 {main}
ERROR - 2025-10-03 22:24:25 --> mysqli_sql_exception: Duplicate column name 'update_at' in C:\xampp\htdocs\taskapp\system\Database\MySQLi\Connection.php:327
Stack trace:
#0 C:\xampp\htdocs\taskapp\system\Database\MySQLi\Connection.php(327): mysqli->query('ALTER TABLE `ta...', 0)
#1 C:\xampp\htdocs\taskapp\system\Database\BaseConnection.php(729): CodeIgniter\Database\MySQLi\Connection->execute('ALTER TABLE `ta...')
#2 C:\xampp\htdocs\taskapp\system\Database\BaseConnection.php(646): CodeIgniter\Database\BaseConnection->simpleQuery('ALTER TABLE `ta...')
#3 C:\xampp\htdocs\taskapp\system\Database\Forge.php(772): CodeIgniter\Database\BaseConnection->query('ALTER TABLE `ta...')
#4 C:\xampp\htdocs\taskapp\app\Database\Migrations\app\Database\Migrations\2025-02-10-114500_add_timestamps_to_task.php(11): CodeIgniter\Database\Forge->addColumn('task', Array)
#5 C:\xampp\htdocs\taskapp\system\Database\MigrationRunner.php(876): App\Database\Migrations\AddTimestampsTotask->up()
#6 C:\xampp\htdocs\taskapp\system\Database\MigrationRunner.php(182): CodeIgniter\Database\MigrationRunner->migrate('up', Object(stdClass))
#7 C:\xampp\htdocs\taskapp\app\Controllers\Migrate.php(12): CodeIgniter\Database\MigrationRunner->latest()
#8 C:\xampp\htdocs\taskapp\system\CodeIgniter.php(933): App\Controllers\Migrate->index()
#9 C:\xampp\htdocs\taskapp\system\CodeIgniter.php(507): CodeIgniter\CodeIgniter->runController(Object(App\Controllers\Migrate))
#10 C:\xampp\htdocs\taskapp\system\CodeIgniter.php(354): CodeIgniter\CodeIgniter->handleRequest(NULL, Object(Config\Cache), false)
#11 C:\xampp\htdocs\taskapp\system\Boot.php(363): CodeIgniter\CodeIgniter->run()
#12 C:\xampp\htdocs\taskapp\system\Boot.php(68): CodeIgniter\Boot::runCodeIgniter(Object(CodeIgniter\CodeIgniter))
#13 C:\xampp\htdocs\taskapp\public\index.php(59): CodeIgniter\Boot::bootWeb(Object(Config\Paths))
#14 {main}
ERROR - 2025-10-03 22:55:26 --> mysqli_sql_exception: Duplicate column name 'update_at' in C:\xampp\htdocs\taskapp\system\Database\MySQLi\Connection.php:327
Stack trace:
#0 C:\xampp\htdocs\taskapp\system\Database\MySQLi\Connection.php(327): mysqli->query('ALTER TABLE `ta...', 0)
#1 C:\xampp\htdocs\taskapp\system\Database\BaseConnection.php(729): CodeIgniter\Database\MySQLi\Connection->execute('ALTER TABLE `ta...')
#2 C:\xampp\htdocs\taskapp\system\Database\BaseConnection.php(646): CodeIgniter\Database\BaseConnection->simpleQuery('ALTER TABLE `ta...')
#3 C:\xampp\htdocs\taskapp\system\Database\Forge.php(772): CodeIgniter\Database\BaseConnection->query('ALTER TABLE `ta...')
#4 C:\xampp\htdocs\taskapp\app\Database\Migrations\app\Database\Migrations\2025-02-10-114500_add_timestamps_to_task.php(11): CodeIgniter\Database\Forge->addColumn('task', Array)
#5 C:\xampp\htdocs\taskapp\system\Database\MigrationRunner.php(876): App\Database\Migrations\AddTimestampsTotask->up()
#6 C:\xampp\htdocs\taskapp\system\Database\MigrationRunner.php(182): CodeIgniter\Database\MigrationRunner->migrate('up', Object(stdClass))
#7 C:\xampp\htdocs\taskapp\app\Controllers\Migrate.php(12): CodeIgniter\Database\MigrationRunner->latest()
#8 C:\xampp\htdocs\taskapp\system\CodeIgniter.php(933): App\Controllers\Migrate->index()
#9 C:\xampp\htdocs\taskapp\system\CodeIgniter.php(507): CodeIgniter\CodeIgniter->runController(Object(App\Controllers\Migrate))
#10 C:\xampp\htdocs\taskapp\system\CodeIgniter.php(354): CodeIgniter\CodeIgniter->handleRequest(NULL, Object(Config\Cache), false)
#11 C:\xampp\htdocs\taskapp\system\Boot.php(363): CodeIgniter\CodeIgniter->run()
#12 C:\xampp\htdocs\taskapp\system\Boot.php(68): CodeIgniter\Boot::runCodeIgniter(Object(CodeIgniter\CodeIgniter))
#13 C:\xampp\htdocs\taskapp\public\index.php(59): CodeIgniter\Boot::bootWeb(Object(Config\Paths))
#14 {main}
ERROR - 2025-10-03 22:55:27 --> mysqli_sql_exception: Duplicate column name 'update_at' in C:\xampp\htdocs\taskapp\system\Database\MySQLi\Connection.php:327
Stack trace:
#0 C:\xampp\htdocs\taskapp\system\Database\MySQLi\Connection.php(327): mysqli->query('ALTER TABLE `ta...', 0)
#1 C:\xampp\htdocs\taskapp\system\Database\BaseConnection.php(729): CodeIgniter\Database\MySQLi\Connection->execute('ALTER TABLE `ta...')
#2 C:\xampp\htdocs\taskapp\system\Database\BaseConnection.php(646): CodeIgniter\Database\BaseConnection->simpleQuery('ALTER TABLE `ta...')
#3 C:\xampp\htdocs\taskapp\system\Database\Forge.php(772): CodeIgniter\Database\BaseConnection->query('ALTER TABLE `ta...')
#4 C:\xampp\htdocs\taskapp\app\Database\Migrations\app\Database\Migrations\2025-02-10-114500_add_timestamps_to_task.php(11): CodeIgniter\Database\Forge->addColumn('task', Array)
#5 C:\xampp\htdocs\taskapp\system\Database\MigrationRunner.php(876): App\Database\Migrations\AddTimestampsTotask->up()
#6 C:\xampp\htdocs\taskapp\system\Database\MigrationRunner.php(182): CodeIgniter\Database\MigrationRunner->migrate('up', Object(stdClass))
#7 C:\xampp\htdocs\taskapp\app\Controllers\Migrate.php(12): CodeIgniter\Database\MigrationRunner->latest()
#8 C:\xampp\htdocs\taskapp\system\CodeIgniter.php(933): App\Controllers\Migrate->index()
#9 C:\xampp\htdocs\taskapp\system\CodeIgniter.php(507): CodeIgniter\CodeIgniter->runController(Object(App\Controllers\Migrate))
#10 C:\xampp\htdocs\taskapp\system\CodeIgniter.php(354): CodeIgniter\CodeIgniter->handleRequest(NULL, Object(Config\Cache), false)
#11 C:\xampp\htdocs\taskapp\system\Boot.php(363): CodeIgniter\CodeIgniter->run()
#12 C:\xampp\htdocs\taskapp\system\Boot.php(68): CodeIgniter\Boot::runCodeIgniter(Object(CodeIgniter\CodeIgniter))
#13 C:\xampp\htdocs\taskapp\public\index.php(59): CodeIgniter\Boot::bootWeb(Object(Config\Paths))
#14 {main}
ERROR - 2025-10-03 22:55:27 --> mysqli_sql_exception: Duplicate column name 'update_at' in C:\xampp\htdocs\taskapp\system\Database\MySQLi\Connection.php:327
Stack trace:
#0 C:\xampp\htdocs\taskapp\system\Database\MySQLi\Connection.php(327): mysqli->query('ALTER TABLE `ta...', 0)
#1 C:\xampp\htdocs\taskapp\system\Database\BaseConnection.php(729): CodeIgniter\Database\MySQLi\Connection->execute('ALTER TABLE `ta...')
#2 C:\xampp\htdocs\taskapp\system\Database\BaseConnection.php(646): CodeIgniter\Database\BaseConnection->simpleQuery('ALTER TABLE `ta...')
#3 C:\xampp\htdocs\taskapp\system\Database\Forge.php(772): CodeIgniter\Database\BaseConnection->query('ALTER TABLE `ta...')
#4 C:\xampp\htdocs\taskapp\app\Database\Migrations\app\Database\Migrations\2025-02-10-114500_add_timestamps_to_task.php(11): CodeIgniter\Database\Forge->addColumn('task', Array)
#5 C:\xampp\htdocs\taskapp\system\Database\MigrationRunner.php(876): App\Database\Migrations\AddTimestampsTotask->up()
#6 C:\xampp\htdocs\taskapp\system\Database\MigrationRunner.php(182): CodeIgniter\Database\MigrationRunner->migrate('up', Object(stdClass))
#7 C:\xampp\htdocs\taskapp\app\Controllers\Migrate.php(12): CodeIgniter\Database\MigrationRunner->latest()
#8 C:\xampp\htdocs\taskapp\system\CodeIgniter.php(933): App\Controllers\Migrate->index()
#9 C:\xampp\htdocs\taskapp\system\CodeIgniter.php(507): CodeIgniter\CodeIgniter->runController(Object(App\Controllers\Migrate))
#10 C:\xampp\htdocs\taskapp\system\CodeIgniter.php(354): CodeIgniter\CodeIgniter->handleRequest(NULL, Object(Config\Cache), false)
#11 C:\xampp\htdocs\taskapp\system\Boot.php(363): CodeIgniter\CodeIgniter->run()
#12 C:\xampp\htdocs\taskapp\system\Boot.php(68): CodeIgniter\Boot::runCodeIgniter(Object(CodeIgniter\CodeIgniter))
#13 C:\xampp\htdocs\taskapp\public\index.php(59): CodeIgniter\Boot::bootWeb(Object(Config\Paths))
#14 {main}
ERROR - 2025-10-03 22:55:27 --> mysqli_sql_exception: Duplicate column name 'update_at' in C:\xampp\htdocs\taskapp\system\Database\MySQLi\Connection.php:327
Stack trace:
#0 C:\xampp\htdocs\taskapp\system\Database\MySQLi\Connection.php(327): mysqli->query('ALTER TABLE `ta...', 0)
#1 C:\xampp\htdocs\taskapp\system\Database\BaseConnection.php(729): CodeIgniter\Database\MySQLi\Connection->execute('ALTER TABLE `ta...')
#2 C:\xampp\htdocs\taskapp\system\Database\BaseConnection.php(646): CodeIgniter\Database\BaseConnection->simpleQuery('ALTER TABLE `ta...')
#3 C:\xampp\htdocs\taskapp\system\Database\Forge.php(772): CodeIgniter\Database\BaseConnection->query('ALTER TABLE `ta...')
#4 C:\xampp\htdocs\taskapp\app\Database\Migrations\app\Database\Migrations\2025-02-10-114500_add_timestamps_to_task.php(11): CodeIgniter\Database\Forge->addColumn('task', Array)
#5 C:\xampp\htdocs\taskapp\system\Database\MigrationRunner.php(876): App\Database\Migrations\AddTimestampsTotask->up()
#6 C:\xampp\htdocs\taskapp\system\Database\MigrationRunner.php(182): CodeIgniter\Database\MigrationRunner->migrate('up', Object(stdClass))
#7 C:\xampp\htdocs\taskapp\app\Controllers\Migrate.php(12): CodeIgniter\Database\MigrationRunner->latest()
#8 C:\xampp\htdocs\taskapp\system\CodeIgniter.php(933): App\Controllers\Migrate->index()
#9 C:\xampp\htdocs\taskapp\system\CodeIgniter.php(507): CodeIgniter\CodeIgniter->runController(Object(App\Controllers\Migrate))
#10 C:\xampp\htdocs\taskapp\system\CodeIgniter.php(354): CodeIgniter\CodeIgniter->handleRequest(NULL, Object(Config\Cache), false)
#11 C:\xampp\htdocs\taskapp\system\Boot.php(363): CodeIgniter\CodeIgniter->run()
#12 C:\xampp\htdocs\taskapp\system\Boot.php(68): CodeIgniter\Boot::runCodeIgniter(Object(CodeIgniter\CodeIgniter))
#13 C:\xampp\htdocs\taskapp\public\index.php(59): CodeIgniter\Boot::bootWeb(Object(Config\Paths))
#14 {main}
ERROR - 2025-10-03 22:55:29 --> mysqli_sql_exception: Duplicate column name 'update_at' in C:\xampp\htdocs\taskapp\system\Database\MySQLi\Connection.php:327
Stack trace:
#0 C:\xampp\htdocs\taskapp\system\Database\MySQLi\Connection.php(327): mysqli->query('ALTER TABLE `ta...', 0)
#1 C:\xampp\htdocs\taskapp\system\Database\BaseConnection.php(729): CodeIgniter\Database\MySQLi\Connection->execute('ALTER TABLE `ta...')
#2 C:\xampp\htdocs\taskapp\system\Database\BaseConnection.php(646): CodeIgniter\Database\BaseConnection->simpleQuery('ALTER TABLE `ta...')
#3 C:\xampp\htdocs\taskapp\system\Database\Forge.php(772): CodeIgniter\Database\BaseConnection->query('ALTER TABLE `ta...')
#4 C:\xampp\htdocs\taskapp\app\Database\Migrations\app\Database\Migrations\2025-02-10-114500_add_timestamps_to_task.php(11): CodeIgniter\Database\Forge->addColumn('task', Array)
#5 C:\xampp\htdocs\taskapp\system\Database\MigrationRunner.php(876): App\Database\Migrations\AddTimestampsTotask->up()
#6 C:\xampp\htdocs\taskapp\system\Database\MigrationRunner.php(182): CodeIgniter\Database\MigrationRunner->migrate('up', Object(stdClass))
#7 C:\xampp\htdocs\taskapp\app\Controllers\Migrate.php(12): CodeIgniter\Database\MigrationRunner->latest()
#8 C:\xampp\htdocs\taskapp\system\CodeIgniter.php(933): App\Controllers\Migrate->index()
#9 C:\xampp\htdocs\taskapp\system\CodeIgniter.php(507): CodeIgniter\CodeIgniter->runController(Object(App\Controllers\Migrate))
#10 C:\xampp\htdocs\taskapp\system\CodeIgniter.php(354): CodeIgniter\CodeIgniter->handleRequest(NULL, Object(Config\Cache), false)
#11 C:\xampp\htdocs\taskapp\system\Boot.php(363): CodeIgniter\CodeIgniter->run()
#12 C:\xampp\htdocs\taskapp\system\Boot.php(68): CodeIgniter\Boot::runCodeIgniter(Object(CodeIgniter\CodeIgniter))
#13 C:\xampp\htdocs\taskapp\public\index.php(59): CodeIgniter\Boot::bootWeb(Object(Config\Paths))
#14 {main}
ERROR - 2025-10-03 22:58:00 --> mysqli_sql_exception: Duplicate column name 'update_at' in C:\xampp\htdocs\taskapp\system\Database\MySQLi\Connection.php:327
Stack trace:
#0 C:\xampp\htdocs\taskapp\system\Database\MySQLi\Connection.php(327): mysqli->query('ALTER TABLE `ta...', 0)
#1 C:\xampp\htdocs\taskapp\system\Database\BaseConnection.php(729): CodeIgniter\Database\MySQLi\Connection->execute('ALTER TABLE `ta...')
#2 C:\xampp\htdocs\taskapp\system\Database\BaseConnection.php(646): CodeIgniter\Database\BaseConnection->simpleQuery('ALTER TABLE `ta...')
#3 C:\xampp\htdocs\taskapp\system\Database\Forge.php(772): CodeIgniter\Database\BaseConnection->query('ALTER TABLE `ta...')
#4 C:\xampp\htdocs\taskapp\app\Database\Migrations\app\Database\Migrations\2025-02-10-114500_add_timestamps_to_task.php(11): CodeIgniter\Database\Forge->addColumn('task', Array)
#5 C:\xampp\htdocs\taskapp\system\Database\MigrationRunner.php(876): App\Database\Migrations\AddTimestampsTotask->up()
#6 C:\xampp\htdocs\taskapp\system\Database\MigrationRunner.php(182): CodeIgniter\Database\MigrationRunner->migrate('up', Object(stdClass))
#7 C:\xampp\htdocs\taskapp\app\Controllers\Migrate.php(12): CodeIgniter\Database\MigrationRunner->latest()
#8 C:\xampp\htdocs\taskapp\system\CodeIgniter.php(933): App\Controllers\Migrate->index()
#9 C:\xampp\htdocs\taskapp\system\CodeIgniter.php(507): CodeIgniter\CodeIgniter->runController(Object(App\Controllers\Migrate))
#10 C:\xampp\htdocs\taskapp\system\CodeIgniter.php(354): CodeIgniter\CodeIgniter->handleRequest(NULL, Object(Config\Cache), false)
#11 C:\xampp\htdocs\taskapp\system\Boot.php(363): CodeIgniter\CodeIgniter->run()
#12 C:\xampp\htdocs\taskapp\system\Boot.php(68): CodeIgniter\Boot::runCodeIgniter(Object(CodeIgniter\CodeIgniter))
#13 C:\xampp\htdocs\taskapp\public\index.php(59): CodeIgniter\Boot::bootWeb(Object(Config\Paths))
#14 {main}
